Archive member included because of file (symbol)

c:/ti/ccsv6/tools/compiler/gcc-arm-none-eabi-4_8-2014q3/bin/../lib/gcc/arm-none-eabi/4.8.4/../../../../arm-none-eabi/lib/thumb\libc.a(lib_a-exit.o)
                              c:/ti/ccsv6/tools/compiler/gcc-arm-none-eabi-4_8-2014q3/bin/../lib/gcc/arm-none-eabi/4.8.4/../../../../arm-none-eabi/lib/thumb/crt0.o (exit)
c:/ti/ccsv6/tools/compiler/gcc-arm-none-eabi-4_8-2014q3/bin/../lib/gcc/arm-none-eabi/4.8.4/../../../../arm-none-eabi/lib/thumb\libc.a(lib_a-impure.o)
                              c:/ti/ccsv6/tools/compiler/gcc-arm-none-eabi-4_8-2014q3/bin/../lib/gcc/arm-none-eabi/4.8.4/../../../../arm-none-eabi/lib/thumb\libc.a(lib_a-exit.o) (_global_impure_ptr)
c:/ti/ccsv6/tools/compiler/gcc-arm-none-eabi-4_8-2014q3/bin/../lib/gcc/arm-none-eabi/4.8.4/../../../../arm-none-eabi/lib/thumb\libc.a(lib_a-init.o)
                              c:/ti/ccsv6/tools/compiler/gcc-arm-none-eabi-4_8-2014q3/bin/../lib/gcc/arm-none-eabi/4.8.4/../../../../arm-none-eabi/lib/thumb/crt0.o (__libc_init_array)
c:/ti/ccsv6/tools/compiler/gcc-arm-none-eabi-4_8-2014q3/bin/../lib/gcc/arm-none-eabi/4.8.4/../../../../arm-none-eabi/lib/thumb\libc.a(lib_a-memset.o)
                              c:/ti/ccsv6/tools/compiler/gcc-arm-none-eabi-4_8-2014q3/bin/../lib/gcc/arm-none-eabi/4.8.4/../../../../arm-none-eabi/lib/thumb/crt0.o (memset)
c:/ti/ccsv6/tools/compiler/gcc-arm-none-eabi-4_8-2014q3/bin/../lib/gcc/arm-none-eabi/4.8.4/../../../../arm-none-eabi/lib/thumb\libc.a(lib_a-__call_atexit.o)
                              c:/ti/ccsv6/tools/compiler/gcc-arm-none-eabi-4_8-2014q3/bin/../lib/gcc/arm-none-eabi/4.8.4/../../../../arm-none-eabi/lib/thumb\libc.a(lib_a-exit.o) (__call_exitprocs)
c:/ti/ccsv6/tools/compiler/gcc-arm-none-eabi-4_8-2014q3/bin/../lib/gcc/arm-none-eabi/4.8.4/../../../../arm-none-eabi/lib/thumb\libc.a(lib_a-atexit.o)
                              c:/ti/ccsv6/tools/compiler/gcc-arm-none-eabi-4_8-2014q3/bin/../lib/gcc/arm-none-eabi/4.8.4/../../../../arm-none-eabi/lib/thumb\libc.a(lib_a-__call_atexit.o) (atexit)
c:/ti/ccsv6/tools/compiler/gcc-arm-none-eabi-4_8-2014q3/bin/../lib/gcc/arm-none-eabi/4.8.4/../../../../arm-none-eabi/lib/thumb\libc.a(lib_a-fini.o)
                              c:/ti/ccsv6/tools/compiler/gcc-arm-none-eabi-4_8-2014q3/bin/../lib/gcc/arm-none-eabi/4.8.4/../../../../arm-none-eabi/lib/thumb\libc.a(lib_a-__call_atexit.o) (__libc_fini_array)
c:/ti/ccsv6/tools/compiler/gcc-arm-none-eabi-4_8-2014q3/bin/../lib/gcc/arm-none-eabi/4.8.4/../../../../arm-none-eabi/lib/thumb\libc.a(lib_a-__atexit.o)
                              c:/ti/ccsv6/tools/compiler/gcc-arm-none-eabi-4_8-2014q3/bin/../lib/gcc/arm-none-eabi/4.8.4/../../../../arm-none-eabi/lib/thumb\libc.a(lib_a-atexit.o) (__register_exitproc)
c:/ti/ccsv6/tools/compiler/gcc-arm-none-eabi-4_8-2014q3/bin/../lib/gcc/arm-none-eabi/4.8.4/../../../../arm-none-eabi/lib/thumb\libnosys.a(_exit.o)
                              c:/ti/ccsv6/tools/compiler/gcc-arm-none-eabi-4_8-2014q3/bin/../lib/gcc/arm-none-eabi/4.8.4/../../../../arm-none-eabi/lib/thumb\libc.a(lib_a-exit.o) (_exit)

Allocating common symbols
Common symbol       size              file

st_regs             0x4               ./alarm.o

Memory Configuration

Name             Origin             Length             Attributes
FLASH            0x00000000         0x00040000         xr
SRAM             0x20000000         0x00010000         xw
*default*        0x00000000         0xffffffff

Linker script and memory map

LOAD c:/ti/ccsv6/tools/compiler/gcc-arm-none-eabi-4_8-2014q3/bin/../lib/gcc/arm-none-eabi/4.8.4/thumb/crti.o
LOAD c:/ti/ccsv6/tools/compiler/gcc-arm-none-eabi-4_8-2014q3/bin/../lib/gcc/arm-none-eabi/4.8.4/thumb/crtbegin.o
LOAD c:/ti/ccsv6/tools/compiler/gcc-arm-none-eabi-4_8-2014q3/bin/../lib/gcc/arm-none-eabi/4.8.4/../../../../arm-none-eabi/lib/thumb/crt0.o
LOAD ./alarm.o
LOAD ./gpio.o
LOAD ./interrupts.o
LOAD ./lm3s6965_startup_ccs_gcc.o
LOAD ./main.o
LOAD ./mutex.o
LOAD ./system.o
LOAD ./task.o
LOAD ./uart.o
                0x00000000                PROVIDE (_intvecs_base_address, 0x0)

.isr_vector     0x00000000       0xf0
 *(.isr_vector)
 .isr_vector    0x00000000       0xf0 ./lm3s6965_startup_ccs_gcc.o
                0x00000000                g_pfnVectors
                0x20000000                PROVIDE (_vtable_base_address, 0x20000000)

.vtable
 *(.vtable)

.text           0x000000f0      0xc98
 CREATE_OBJECT_SYMBOLS
 *(.text)
 .text          0x000000f0        0x0 c:/ti/ccsv6/tools/compiler/gcc-arm-none-eabi-4_8-2014q3/bin/../lib/gcc/arm-none-eabi/4.8.4/thumb/crti.o
 .text          0x000000f0       0x6c c:/ti/ccsv6/tools/compiler/gcc-arm-none-eabi-4_8-2014q3/bin/../lib/gcc/arm-none-eabi/4.8.4/thumb/crtbegin.o
 .text          0x0000015c       0xfc c:/ti/ccsv6/tools/compiler/gcc-arm-none-eabi-4_8-2014q3/bin/../lib/gcc/arm-none-eabi/4.8.4/../../../../arm-none-eabi/lib/thumb/crt0.o
                0x0000015c                _start
                0x0000015c                _mainCRTStartup
                0x000001f4                __change_mode
                0x00000234                change_back
 .text          0x00000258        0x0 ./alarm.o
 .text          0x00000258        0x0 ./gpio.o
 .text          0x00000258        0x0 ./interrupts.o
 .text          0x00000258        0x0 ./lm3s6965_startup_ccs_gcc.o
 .text          0x00000258        0x0 ./main.o
 .text          0x00000258        0x0 ./mutex.o
 .text          0x00000258        0x0 ./system.o
 .text          0x00000258        0x0 ./task.o
 .text          0x00000258        0x0 ./uart.o
 .text          0x00000258        0x0 c:/ti/ccsv6/tools/compiler/gcc-arm-none-eabi-4_8-2014q3/bin/../lib/gcc/arm-none-eabi/4.8.4/../../../../arm-none-eabi/lib/thumb\libc.a(lib_a-exit.o)
 .text          0x00000258        0x0 c:/ti/ccsv6/tools/compiler/gcc-arm-none-eabi-4_8-2014q3/bin/../lib/gcc/arm-none-eabi/4.8.4/../../../../arm-none-eabi/lib/thumb\libc.a(lib_a-impure.o)
 .text          0x00000258        0x0 c:/ti/ccsv6/tools/compiler/gcc-arm-none-eabi-4_8-2014q3/bin/../lib/gcc/arm-none-eabi/4.8.4/../../../../arm-none-eabi/lib/thumb\libc.a(lib_a-init.o)
 .text          0x00000258        0x0 c:/ti/ccsv6/tools/compiler/gcc-arm-none-eabi-4_8-2014q3/bin/../lib/gcc/arm-none-eabi/4.8.4/../../../../arm-none-eabi/lib/thumb\libc.a(lib_a-memset.o)
 .text          0x00000258        0x0 c:/ti/ccsv6/tools/compiler/gcc-arm-none-eabi-4_8-2014q3/bin/../lib/gcc/arm-none-eabi/4.8.4/../../../../arm-none-eabi/lib/thumb\libc.a(lib_a-__call_atexit.o)
 .text          0x00000258        0x0 c:/ti/ccsv6/tools/compiler/gcc-arm-none-eabi-4_8-2014q3/bin/../lib/gcc/arm-none-eabi/4.8.4/../../../../arm-none-eabi/lib/thumb\libc.a(lib_a-atexit.o)
 .text          0x00000258        0x0 c:/ti/ccsv6/tools/compiler/gcc-arm-none-eabi-4_8-2014q3/bin/../lib/gcc/arm-none-eabi/4.8.4/../../../../arm-none-eabi/lib/thumb\libc.a(lib_a-fini.o)
 .text          0x00000258        0x0 c:/ti/ccsv6/tools/compiler/gcc-arm-none-eabi-4_8-2014q3/bin/../lib/gcc/arm-none-eabi/4.8.4/../../../../arm-none-eabi/lib/thumb\libc.a(lib_a-__atexit.o)
 .text          0x00000258        0x0 c:/ti/ccsv6/tools/compiler/gcc-arm-none-eabi-4_8-2014q3/bin/../lib/gcc/arm-none-eabi/4.8.4/../../../../arm-none-eabi/lib/thumb\libnosys.a(_exit.o)
 .text          0x00000258        0x0 c:/ti/ccsv6/tools/compiler/gcc-arm-none-eabi-4_8-2014q3/bin/../lib/gcc/arm-none-eabi/4.8.4/thumb/crtend.o
 .text          0x00000258        0x0 c:/ti/ccsv6/tools/compiler/gcc-arm-none-eabi-4_8-2014q3/bin/../lib/gcc/arm-none-eabi/4.8.4/thumb/crtn.o
 *(.text.*)
 .text.gpio_enable
                0x00000258       0x30 ./gpio.o
                0x00000258                gpio_enable
 .text.gpio_disable
                0x00000288       0x30 ./gpio.o
                0x00000288                gpio_disable
 .text.gpio_setPin
                0x000002b8       0x2c ./gpio.o
                0x000002b8                gpio_setPin
 .text.gpio_clearPin
                0x000002e4       0x2c ./gpio.o
                0x000002e4                gpio_clearPin
 .text.gpio_readPort
                0x00000310       0x24 ./gpio.o
                0x00000310                gpio_readPort
 .text.gpio_writePort
                0x00000334       0x28 ./gpio.o
                0x00000334                gpio_writePort
 .text.gpio_setPinOutput
                0x0000035c       0x38 ./gpio.o
                0x0000035c                gpio_setPinOutput
 .text.gpio_setPinInput
                0x00000394       0x3c ./gpio.o
                0x00000394                gpio_setPinInput
 .text.gpio_setPullUp
                0x000003d0       0x68 ./gpio.o
                0x000003d0                gpio_setPullUp
 .text.gpio_setPullDown
                0x00000438       0x68 ./gpio.o
                0x00000438                gpio_setPullDown
 .text.gpio_setIntSense
                0x000004a0       0x70 ./gpio.o
                0x000004a0                gpio_setIntSense
 .text.gpio_setIntEvent
                0x00000510       0x70 ./gpio.o
                0x00000510                gpio_setIntEvent
 .text.gpio_setIntBothEdges
                0x00000580       0x70 ./gpio.o
                0x00000580                gpio_setIntBothEdges
 .text.gpio_enableInt
                0x000005f0       0x38 ./gpio.o
                0x000005f0                gpio_enableInt
 .text.gpio_disableInt
                0x00000628       0x3c ./gpio.o
                0x00000628                gpio_disableInt
 .text.gpio_intStatus
                0x00000664       0x38 ./gpio.o
                0x00000664                gpio_intStatus
 .text.gpio_clearInt
                0x0000069c       0x38 ./gpio.o
                0x0000069c                gpio_clearInt
 .text.gpio_enableDigital
                0x000006d4       0x34 ./gpio.o
                0x000006d4                gpio_enableDigital
 .text.gpio_disableDigital
                0x00000708       0x38 ./gpio.o
                0x00000708                gpio_disableDigital
 .text.nvic_enable
                0x00000740       0x28 ./interrupts.o
                0x00000740                nvic_enable
 .text.nvic_disable
                0x00000768       0x28 ./interrupts.o
                0x00000768                nvic_disable
 .text.nvic_setPending
                0x00000790       0x28 ./interrupts.o
                0x00000790                nvic_setPending
 .text.nvic_clearPending
                0x000007b8       0x28 ./interrupts.o
                0x000007b8                nvic_clearPending
 .text.nvic_active
                0x000007e0       0x38 ./interrupts.o
                0x000007e0                nvic_active
 .text.nvic_getPriority
                0x00000818       0x30 ./interrupts.o
                0x00000818                nvic_getPriority
 .text.nvic_setPriority
                0x00000848       0x3c ./interrupts.o
                0x00000848                nvic_setPriority
 .text.ResetISR
                0x00000884       0x58 ./lm3s6965_startup_ccs_gcc.o
                0x00000884                ResetISR
 .text.NmiSR    0x000008dc        0x4 ./lm3s6965_startup_ccs_gcc.o
 .text.FaultISR
                0x000008e0        0x4 ./lm3s6965_startup_ccs_gcc.o
 .text.IntDefaultHandler
                0x000008e4        0x4 ./lm3s6965_startup_ccs_gcc.o
                0x000008e4                PortC_INT
                0x000008e4                PortD_INT
                0x000008e4                PortB_INT
                0x000008e4                PortE_INT
                0x000008e4                SysTick_INT
                0x000008e4                PortA_INT
                0x000008e4                PortH_INT
                0x000008e4                PortG_INT
 .text.soma     0x000008e8       0x28 ./main.o
                0x000008e8                soma
 .text.PortF_INT
                0x00000910       0x44 ./main.o
                0x00000910                PortF_INT
 .text.main     0x00000954       0x58 ./main.o
                0x00000954                main
 .text.delay    0x000009ac       0x14 ./system.o
                0x000009ac                delay
 .text.delay2   0x000009c0       0x28 ./system.o
                0x000009c0                delay2
 .text.exit     0x000009e8       0x28 c:/ti/ccsv6/tools/compiler/gcc-arm-none-eabi-4_8-2014q3/bin/../lib/gcc/arm-none-eabi/4.8.4/../../../../arm-none-eabi/lib/thumb\libc.a(lib_a-exit.o)
                0x000009e8                exit
 .text.__libc_init_array
                0x00000a10       0x58 c:/ti/ccsv6/tools/compiler/gcc-arm-none-eabi-4_8-2014q3/bin/../lib/gcc/arm-none-eabi/4.8.4/../../../../arm-none-eabi/lib/thumb\libc.a(lib_a-init.o)
                0x00000a10                __libc_init_array
 .text.memset   0x00000a68       0xa4 c:/ti/ccsv6/tools/compiler/gcc-arm-none-eabi-4_8-2014q3/bin/../lib/gcc/arm-none-eabi/4.8.4/../../../../arm-none-eabi/lib/thumb\libc.a(lib_a-memset.o)
                0x00000a68                memset
 .text.startup.register_fini
                0x00000b0c       0x1c c:/ti/ccsv6/tools/compiler/gcc-arm-none-eabi-4_8-2014q3/bin/../lib/gcc/arm-none-eabi/4.8.4/../../../../arm-none-eabi/lib/thumb\libc.a(lib_a-__call_atexit.o)
 .text.__call_exitprocs
                0x00000b28      0x128 c:/ti/ccsv6/tools/compiler/gcc-arm-none-eabi-4_8-2014q3/bin/../lib/gcc/arm-none-eabi/4.8.4/../../../../arm-none-eabi/lib/thumb\libc.a(lib_a-__call_atexit.o)
                0x00000b28                __call_exitprocs
 .text.atexit   0x00000c50       0x14 c:/ti/ccsv6/tools/compiler/gcc-arm-none-eabi-4_8-2014q3/bin/../lib/gcc/arm-none-eabi/4.8.4/../../../../arm-none-eabi/lib/thumb\libc.a(lib_a-atexit.o)
                0x00000c50                atexit
 .text.__libc_fini_array
                0x00000c64       0x38 c:/ti/ccsv6/tools/compiler/gcc-arm-none-eabi-4_8-2014q3/bin/../lib/gcc/arm-none-eabi/4.8.4/../../../../arm-none-eabi/lib/thumb\libc.a(lib_a-fini.o)
                0x00000c64                __libc_fini_array
 .text.__register_exitproc
                0x00000c9c       0xc4 c:/ti/ccsv6/tools/compiler/gcc-arm-none-eabi-4_8-2014q3/bin/../lib/gcc/arm-none-eabi/4.8.4/../../../../arm-none-eabi/lib/thumb\libc.a(lib_a-__atexit.o)
                0x00000c9c                __register_exitproc
 .text._exit    0x00000d60        0x4 c:/ti/ccsv6/tools/compiler/gcc-arm-none-eabi-4_8-2014q3/bin/../lib/gcc/arm-none-eabi/4.8.4/../../../../arm-none-eabi/lib/thumb\libnosys.a(_exit.o)
                0x00000d60                _exit
                0x00000d64                . = ALIGN (0x4)
 *(.ctors)
                0x00000d64                . = ALIGN (0x4)
 *(.dtors)
                0x00000d64                . = ALIGN (0x4)
                0x00000d64                __init_array_start = .
 *(.init_array*)
 .init_array    0x00000d64        0x4 c:/ti/ccsv6/tools/compiler/gcc-arm-none-eabi-4_8-2014q3/bin/../lib/gcc/arm-none-eabi/4.8.4/thumb/crtbegin.o
 .init_array.00000
                0x00000d68        0x4 c:/ti/ccsv6/tools/compiler/gcc-arm-none-eabi-4_8-2014q3/bin/../lib/gcc/arm-none-eabi/4.8.4/../../../../arm-none-eabi/lib/thumb\libc.a(lib_a-__call_atexit.o)
                0x00000d6c                __init_array_end = .
 *(.init)
 .init          0x00000d6c        0x4 c:/ti/ccsv6/tools/compiler/gcc-arm-none-eabi-4_8-2014q3/bin/../lib/gcc/arm-none-eabi/4.8.4/thumb/crti.o
                0x00000d6c                _init
 .init          0x00000d70        0x8 c:/ti/ccsv6/tools/compiler/gcc-arm-none-eabi-4_8-2014q3/bin/../lib/gcc/arm-none-eabi/4.8.4/thumb/crtn.o
 *(.fini*)
 .fini          0x00000d78        0x4 c:/ti/ccsv6/tools/compiler/gcc-arm-none-eabi-4_8-2014q3/bin/../lib/gcc/arm-none-eabi/4.8.4/thumb/crti.o
                0x00000d78                _fini
 .fini_array    0x00000d7c        0x4 c:/ti/ccsv6/tools/compiler/gcc-arm-none-eabi-4_8-2014q3/bin/../lib/gcc/arm-none-eabi/4.8.4/thumb/crtbegin.o
 .fini          0x00000d80        0x8 c:/ti/ccsv6/tools/compiler/gcc-arm-none-eabi-4_8-2014q3/bin/../lib/gcc/arm-none-eabi/4.8.4/thumb/crtn.o
                0x00000d88                PROVIDE (__etext, .)
                0x00000d88                PROVIDE (_etext, .)
                0x00000d88                PROVIDE (etext, .)

.glue_7         0x00000d88        0x0
 .glue_7        0x00000000        0x0 linker stubs

.glue_7t        0x00000d88        0x0
 .glue_7t       0x00000000        0x0 linker stubs

.vfp11_veneer   0x00000d88        0x0
 .vfp11_veneer  0x00000000        0x0 linker stubs

.v4_bx          0x00000d88        0x0
 .v4_bx         0x00000000        0x0 linker stubs

.iplt           0x00000d88        0x0
 .iplt          0x00000000        0x0 c:/ti/ccsv6/tools/compiler/gcc-arm-none-eabi-4_8-2014q3/bin/../lib/gcc/arm-none-eabi/4.8.4/thumb/crtbegin.o

.rodata         0x00000d88        0x8
 *(.rodata)
 *(.rodata*)
 .rodata.str1.4
                0x00000d88        0x4 c:/ti/ccsv6/tools/compiler/gcc-arm-none-eabi-4_8-2014q3/bin/../lib/gcc/arm-none-eabi/4.8.4/../../../../arm-none-eabi/lib/thumb\libc.a(lib_a-impure.o)
 .rodata._global_impure_ptr
                0x00000d8c        0x4 c:/ti/ccsv6/tools/compiler/gcc-arm-none-eabi-4_8-2014q3/bin/../lib/gcc/arm-none-eabi/4.8.4/../../../../arm-none-eabi/lib/thumb\libc.a(lib_a-impure.o)
                0x00000d8c                _global_impure_ptr

.eh_frame       0x00000d90        0x4
 .eh_frame      0x00000d90        0x0 c:/ti/ccsv6/tools/compiler/gcc-arm-none-eabi-4_8-2014q3/bin/../lib/gcc/arm-none-eabi/4.8.4/thumb/crtbegin.o
 .eh_frame      0x00000d90        0x4 c:/ti/ccsv6/tools/compiler/gcc-arm-none-eabi-4_8-2014q3/bin/../lib/gcc/arm-none-eabi/4.8.4/thumb/crtend.o

.data           0x20000000      0x46c load address 0x00000d94
                0x00000d94                __data_load__ = LOADADDR (.data)
                0x20000000                __data_start__ = .
 *(.data)
 .data          0x20000000        0x0 c:/ti/ccsv6/tools/compiler/gcc-arm-none-eabi-4_8-2014q3/bin/../lib/gcc/arm-none-eabi/4.8.4/thumb/crti.o
 .data          0x20000000        0x4 c:/ti/ccsv6/tools/compiler/gcc-arm-none-eabi-4_8-2014q3/bin/../lib/gcc/arm-none-eabi/4.8.4/thumb/crtbegin.o
                0x20000000                __dso_handle
 .data          0x20000004        0x0 c:/ti/ccsv6/tools/compiler/gcc-arm-none-eabi-4_8-2014q3/bin/../lib/gcc/arm-none-eabi/4.8.4/../../../../arm-none-eabi/lib/thumb/crt0.o
 .data          0x20000004        0x0 ./alarm.o
 .data          0x20000004        0x0 ./gpio.o
 .data          0x20000004        0x0 ./interrupts.o
 .data          0x20000004        0x0 ./lm3s6965_startup_ccs_gcc.o
 .data          0x20000004        0x0 ./main.o
 .data          0x20000004        0x0 ./mutex.o
 .data          0x20000004        0x0 ./system.o
 .data          0x20000004        0x0 ./task.o
 .data          0x20000004        0x0 ./uart.o
 .data          0x20000004        0x0 c:/ti/ccsv6/tools/compiler/gcc-arm-none-eabi-4_8-2014q3/bin/../lib/gcc/arm-none-eabi/4.8.4/../../../../arm-none-eabi/lib/thumb\libc.a(lib_a-exit.o)
 .data          0x20000004        0x0 c:/ti/ccsv6/tools/compiler/gcc-arm-none-eabi-4_8-2014q3/bin/../lib/gcc/arm-none-eabi/4.8.4/../../../../arm-none-eabi/lib/thumb\libc.a(lib_a-impure.o)
 .data          0x20000004        0x0 c:/ti/ccsv6/tools/compiler/gcc-arm-none-eabi-4_8-2014q3/bin/../lib/gcc/arm-none-eabi/4.8.4/../../../../arm-none-eabi/lib/thumb\libc.a(lib_a-init.o)
 .data          0x20000004        0x0 c:/ti/ccsv6/tools/compiler/gcc-arm-none-eabi-4_8-2014q3/bin/../lib/gcc/arm-none-eabi/4.8.4/../../../../arm-none-eabi/lib/thumb\libc.a(lib_a-memset.o)
 .data          0x20000004        0x0 c:/ti/ccsv6/tools/compiler/gcc-arm-none-eabi-4_8-2014q3/bin/../lib/gcc/arm-none-eabi/4.8.4/../../../../arm-none-eabi/lib/thumb\libc.a(lib_a-__call_atexit.o)
 .data          0x20000004        0x0 c:/ti/ccsv6/tools/compiler/gcc-arm-none-eabi-4_8-2014q3/bin/../lib/gcc/arm-none-eabi/4.8.4/../../../../arm-none-eabi/lib/thumb\libc.a(lib_a-atexit.o)
 .data          0x20000004        0x0 c:/ti/ccsv6/tools/compiler/gcc-arm-none-eabi-4_8-2014q3/bin/../lib/gcc/arm-none-eabi/4.8.4/../../../../arm-none-eabi/lib/thumb\libc.a(lib_a-fini.o)
 .data          0x20000004        0x0 c:/ti/ccsv6/tools/compiler/gcc-arm-none-eabi-4_8-2014q3/bin/../lib/gcc/arm-none-eabi/4.8.4/../../../../arm-none-eabi/lib/thumb\libc.a(lib_a-__atexit.o)
 .data          0x20000004        0x0 c:/ti/ccsv6/tools/compiler/gcc-arm-none-eabi-4_8-2014q3/bin/../lib/gcc/arm-none-eabi/4.8.4/../../../../arm-none-eabi/lib/thumb\libnosys.a(_exit.o)
 .data          0x20000004        0x0 c:/ti/ccsv6/tools/compiler/gcc-arm-none-eabi-4_8-2014q3/bin/../lib/gcc/arm-none-eabi/4.8.4/thumb/crtend.o
 .data          0x20000004        0x0 c:/ti/ccsv6/tools/compiler/gcc-arm-none-eabi-4_8-2014q3/bin/../lib/gcc/arm-none-eabi/4.8.4/thumb/crtn.o
 *(.data*)
 .data.gpio_regs
                0x20000004       0x1c ./gpio.o
                0x20000004                gpio_regs
 .data.gpio_padctrl
                0x20000020       0x1c ./gpio.o
                0x20000020                gpio_padctrl
 *fill*         0x2000003c        0x4 
 .data.impure_data
                0x20000040      0x428 c:/ti/ccsv6/tools/compiler/gcc-arm-none-eabi-4_8-2014q3/bin/../lib/gcc/arm-none-eabi/4.8.4/../../../../arm-none-eabi/lib/thumb\libc.a(lib_a-impure.o)
 .data._impure_ptr
                0x20000468        0x4 c:/ti/ccsv6/tools/compiler/gcc-arm-none-eabi-4_8-2014q3/bin/../lib/gcc/arm-none-eabi/4.8.4/../../../../arm-none-eabi/lib/thumb\libc.a(lib_a-impure.o)
                0x20000468                _impure_ptr
                0x2000046c                . = ALIGN (0x4)
                0x2000046c                __data_end__ = .

.jcr            0x2000046c        0x4 load address 0x00001200
 .jcr           0x2000046c        0x0 c:/ti/ccsv6/tools/compiler/gcc-arm-none-eabi-4_8-2014q3/bin/../lib/gcc/arm-none-eabi/4.8.4/thumb/crtbegin.o
 .jcr           0x2000046c        0x4 c:/ti/ccsv6/tools/compiler/gcc-arm-none-eabi-4_8-2014q3/bin/../lib/gcc/arm-none-eabi/4.8.4/thumb/crtend.o

.igot.plt       0x20000470        0x0 load address 0x00001204
 .igot.plt      0x00000000        0x0 c:/ti/ccsv6/tools/compiler/gcc-arm-none-eabi-4_8-2014q3/bin/../lib/gcc/arm-none-eabi/4.8.4/thumb/crtbegin.o

.ARM.exidx      0x00001204        0x8
                0x00001204                __exidx_start = .
 *(.ARM.exidx* .gnu.linkonce.armexidx.*)
 .ARM.exidx     0x00001204        0x8 c:/ti/ccsv6/tools/compiler/gcc-arm-none-eabi-4_8-2014q3/bin/../lib/gcc/arm-none-eabi/4.8.4/../../../../arm-none-eabi/lib/thumb/crt0.o
                0x0000120c                __exidx_end = .

.ARM.extab      0x0000120c        0x0
 *(.ARM.extab* .gnu.linkonce.armextab.*)
 .ARM.extab     0x0000120c        0x0 c:/ti/ccsv6/tools/compiler/gcc-arm-none-eabi-4_8-2014q3/bin/../lib/gcc/arm-none-eabi/4.8.4/../../../../arm-none-eabi/lib/thumb/crt0.o

.rel.dyn        0x0000120c        0x0
 .rel.iplt      0x00000000        0x0 c:/ti/ccsv6/tools/compiler/gcc-arm-none-eabi-4_8-2014q3/bin/../lib/gcc/arm-none-eabi/4.8.4/thumb/crtbegin.o

.bss            0x20000470      0x224
                0x20000470                __bss_start__ = .
 *(.shbss)
 *(.bss)
 .bss           0x20000470        0x0 c:/ti/ccsv6/tools/compiler/gcc-arm-none-eabi-4_8-2014q3/bin/../lib/gcc/arm-none-eabi/4.8.4/thumb/crti.o
 .bss           0x20000470       0x1c c:/ti/ccsv6/tools/compiler/gcc-arm-none-eabi-4_8-2014q3/bin/../lib/gcc/arm-none-eabi/4.8.4/thumb/crtbegin.o
 .bss           0x2000048c        0x0 c:/ti/ccsv6/tools/compiler/gcc-arm-none-eabi-4_8-2014q3/bin/../lib/gcc/arm-none-eabi/4.8.4/../../../../arm-none-eabi/lib/thumb/crt0.o
 .bss           0x2000048c        0x0 ./alarm.o
 .bss           0x2000048c        0x0 ./gpio.o
 .bss           0x2000048c        0x0 ./interrupts.o
 .bss           0x2000048c        0x0 ./lm3s6965_startup_ccs_gcc.o
 .bss           0x2000048c        0x0 ./main.o
 .bss           0x2000048c        0x0 ./mutex.o
 .bss           0x2000048c        0x0 ./system.o
 .bss           0x2000048c        0x0 ./task.o
 .bss           0x2000048c        0x0 ./uart.o
 .bss           0x2000048c        0x0 c:/ti/ccsv6/tools/compiler/gcc-arm-none-eabi-4_8-2014q3/bin/../lib/gcc/arm-none-eabi/4.8.4/../../../../arm-none-eabi/lib/thumb\libc.a(lib_a-exit.o)
 .bss           0x2000048c        0x0 c:/ti/ccsv6/tools/compiler/gcc-arm-none-eabi-4_8-2014q3/bin/../lib/gcc/arm-none-eabi/4.8.4/../../../../arm-none-eabi/lib/thumb\libc.a(lib_a-impure.o)
 .bss           0x2000048c        0x0 c:/ti/ccsv6/tools/compiler/gcc-arm-none-eabi-4_8-2014q3/bin/../lib/gcc/arm-none-eabi/4.8.4/../../../../arm-none-eabi/lib/thumb\libc.a(lib_a-init.o)
 .bss           0x2000048c        0x0 c:/ti/ccsv6/tools/compiler/gcc-arm-none-eabi-4_8-2014q3/bin/../lib/gcc/arm-none-eabi/4.8.4/../../../../arm-none-eabi/lib/thumb\libc.a(lib_a-memset.o)
 .bss           0x2000048c        0x0 c:/ti/ccsv6/tools/compiler/gcc-arm-none-eabi-4_8-2014q3/bin/../lib/gcc/arm-none-eabi/4.8.4/../../../../arm-none-eabi/lib/thumb\libc.a(lib_a-__call_atexit.o)
 .bss           0x2000048c        0x0 c:/ti/ccsv6/tools/compiler/gcc-arm-none-eabi-4_8-2014q3/bin/../lib/gcc/arm-none-eabi/4.8.4/../../../../arm-none-eabi/lib/thumb\libc.a(lib_a-atexit.o)
 .bss           0x2000048c        0x0 c:/ti/ccsv6/tools/compiler/gcc-arm-none-eabi-4_8-2014q3/bin/../lib/gcc/arm-none-eabi/4.8.4/../../../../arm-none-eabi/lib/thumb\libc.a(lib_a-fini.o)
 .bss           0x2000048c        0x0 c:/ti/ccsv6/tools/compiler/gcc-arm-none-eabi-4_8-2014q3/bin/../lib/gcc/arm-none-eabi/4.8.4/../../../../arm-none-eabi/lib/thumb\libc.a(lib_a-__atexit.o)
 .bss           0x2000048c        0x0 c:/ti/ccsv6/tools/compiler/gcc-arm-none-eabi-4_8-2014q3/bin/../lib/gcc/arm-none-eabi/4.8.4/../../../../arm-none-eabi/lib/thumb\libnosys.a(_exit.o)
 .bss           0x2000048c        0x0 c:/ti/ccsv6/tools/compiler/gcc-arm-none-eabi-4_8-2014q3/bin/../lib/gcc/arm-none-eabi/4.8.4/thumb/crtend.o
 .bss           0x2000048c        0x0 c:/ti/ccsv6/tools/compiler/gcc-arm-none-eabi-4_8-2014q3/bin/../lib/gcc/arm-none-eabi/4.8.4/thumb/crtn.o
 *(.bss.*)
 .bss.pui32Stack
                0x2000048c      0x200 ./lm3s6965_startup_ccs_gcc.o
 .bss.turn      0x2000068c        0x4 ./main.o
                0x2000068c                turn
 *(COMMON)
 COMMON         0x20000690        0x4 ./alarm.o
                0x20000690                st_regs
                0x20000694                . = ALIGN (0x4)
                0x20000694                __bss_end__ = .

.heap           0x20000694        0x0
                0x20000694                __heap_start__ = .
                0x20000694                end = __heap_start__
                0x20000694                _end = end
                0x20000694                __end = end
 *(.heap)
                0x20000694                __heap_end__ = .
                0x20000694                __HeapLimit = __heap_end__

.stack          0x20000698        0x0
                0x20000698                _stack = .
                0x20000698                __stack = .
 *(.stack)
START GROUP
LOAD c:/ti/ccsv6/tools/compiler/gcc-arm-none-eabi-4_8-2014q3/bin/../lib/gcc/arm-none-eabi/4.8.4/../../../../arm-none-eabi/lib/thumb\libc.a
LOAD c:/ti/ccsv6/tools/compiler/gcc-arm-none-eabi-4_8-2014q3/bin/../lib/gcc/arm-none-eabi/4.8.4/thumb\libgcc.a
LOAD c:/ti/ccsv6/tools/compiler/gcc-arm-none-eabi-4_8-2014q3/bin/../lib/gcc/arm-none-eabi/4.8.4/../../../../arm-none-eabi/lib/thumb\libnosys.a
END GROUP
START GROUP
LOAD c:/ti/ccsv6/tools/compiler/gcc-arm-none-eabi-4_8-2014q3/bin/../lib/gcc/arm-none-eabi/4.8.4/thumb\libgcc.a
LOAD c:/ti/ccsv6/tools/compiler/gcc-arm-none-eabi-4_8-2014q3/bin/../lib/gcc/arm-none-eabi/4.8.4/../../../../arm-none-eabi/lib/thumb\libg.a
LOAD c:/ti/ccsv6/tools/compiler/gcc-arm-none-eabi-4_8-2014q3/bin/../lib/gcc/arm-none-eabi/4.8.4/../../../../arm-none-eabi/lib/thumb\libc.a
END GROUP
LOAD c:/ti/ccsv6/tools/compiler/gcc-arm-none-eabi-4_8-2014q3/bin/../lib/gcc/arm-none-eabi/4.8.4/thumb/crtend.o
LOAD c:/ti/ccsv6/tools/compiler/gcc-arm-none-eabi-4_8-2014q3/bin/../lib/gcc/arm-none-eabi/4.8.4/thumb/crtn.o
OUTPUT(CM3_Libs.out elf32-littlearm)

.ARM.attributes
                0x00000000       0x31
 .ARM.attributes
                0x00000000       0x16 c:/ti/ccsv6/tools/compiler/gcc-arm-none-eabi-4_8-2014q3/bin/../lib/gcc/arm-none-eabi/4.8.4/thumb/crti.o
 .ARM.attributes
                0x00000016       0x30 c:/ti/ccsv6/tools/compiler/gcc-arm-none-eabi-4_8-2014q3/bin/../lib/gcc/arm-none-eabi/4.8.4/thumb/crtbegin.o
 .ARM.attributes
                0x00000046       0x1a c:/ti/ccsv6/tools/compiler/gcc-arm-none-eabi-4_8-2014q3/bin/../lib/gcc/arm-none-eabi/4.8.4/../../../../arm-none-eabi/lib/thumb/crt0.o
 .ARM.attributes
                0x00000060       0x33 ./alarm.o
 .ARM.attributes
                0x00000093       0x33 ./gpio.o
 .ARM.attributes
                0x000000c6       0x33 ./interrupts.o
 .ARM.attributes
                0x000000f9       0x33 ./lm3s6965_startup_ccs_gcc.o
 .ARM.attributes
                0x0000012c       0x33 ./main.o
 .ARM.attributes
                0x0000015f       0x33 ./mutex.o
 .ARM.attributes
                0x00000192       0x33 ./system.o
 .ARM.attributes
                0x000001c5       0x33 ./task.o
 .ARM.attributes
                0x000001f8       0x33 ./uart.o
 .ARM.attributes
                0x0000022b       0x30 c:/ti/ccsv6/tools/compiler/gcc-arm-none-eabi-4_8-2014q3/bin/../lib/gcc/arm-none-eabi/4.8.4/../../../../arm-none-eabi/lib/thumb\libc.a(lib_a-exit.o)
 .ARM.attributes
                0x0000025b       0x30 c:/ti/ccsv6/tools/compiler/gcc-arm-none-eabi-4_8-2014q3/bin/../lib/gcc/arm-none-eabi/4.8.4/../../../../arm-none-eabi/lib/thumb\libc.a(lib_a-impure.o)
 .ARM.attributes
                0x0000028b       0x30 c:/ti/ccsv6/tools/compiler/gcc-arm-none-eabi-4_8-2014q3/bin/../lib/gcc/arm-none-eabi/4.8.4/../../../../arm-none-eabi/lib/thumb\libc.a(lib_a-init.o)
 .ARM.attributes
                0x000002bb       0x30 c:/ti/ccsv6/tools/compiler/gcc-arm-none-eabi-4_8-2014q3/bin/../lib/gcc/arm-none-eabi/4.8.4/../../../../arm-none-eabi/lib/thumb\libc.a(lib_a-memset.o)
 .ARM.attributes
                0x000002eb       0x30 c:/ti/ccsv6/tools/compiler/gcc-arm-none-eabi-4_8-2014q3/bin/../lib/gcc/arm-none-eabi/4.8.4/../../../../arm-none-eabi/lib/thumb\libc.a(lib_a-__call_atexit.o)
 .ARM.attributes
                0x0000031b       0x30 c:/ti/ccsv6/tools/compiler/gcc-arm-none-eabi-4_8-2014q3/bin/../lib/gcc/arm-none-eabi/4.8.4/../../../../arm-none-eabi/lib/thumb\libc.a(lib_a-atexit.o)
 .ARM.attributes
                0x0000034b       0x30 c:/ti/ccsv6/tools/compiler/gcc-arm-none-eabi-4_8-2014q3/bin/../lib/gcc/arm-none-eabi/4.8.4/../../../../arm-none-eabi/lib/thumb\libc.a(lib_a-fini.o)
 .ARM.attributes
                0x0000037b       0x30 c:/ti/ccsv6/tools/compiler/gcc-arm-none-eabi-4_8-2014q3/bin/../lib/gcc/arm-none-eabi/4.8.4/../../../../arm-none-eabi/lib/thumb\libc.a(lib_a-__atexit.o)
 .ARM.attributes
                0x000003ab       0x30 c:/ti/ccsv6/tools/compiler/gcc-arm-none-eabi-4_8-2014q3/bin/../lib/gcc/arm-none-eabi/4.8.4/../../../../arm-none-eabi/lib/thumb\libnosys.a(_exit.o)
 .ARM.attributes
                0x000003db       0x30 c:/ti/ccsv6/tools/compiler/gcc-arm-none-eabi-4_8-2014q3/bin/../lib/gcc/arm-none-eabi/4.8.4/thumb/crtend.o
 .ARM.attributes
                0x0000040b       0x16 c:/ti/ccsv6/tools/compiler/gcc-arm-none-eabi-4_8-2014q3/bin/../lib/gcc/arm-none-eabi/4.8.4/thumb/crtn.o

.comment        0x00000000       0x70
 .comment       0x00000000       0x70 ./alarm.o
                                 0x71 (size before relaxing)
 .comment       0x00000000       0x71 ./gpio.o
 .comment       0x00000000       0x71 ./interrupts.o
 .comment       0x00000000       0x71 ./lm3s6965_startup_ccs_gcc.o
 .comment       0x00000000       0x71 ./main.o
 .comment       0x00000000       0x71 ./mutex.o
 .comment       0x00000000       0x71 ./system.o
 .comment       0x00000000       0x71 ./task.o
 .comment       0x00000000       0x71 ./uart.o

.debug_info     0x00000000      0xda8
 .debug_info    0x00000000       0xa8 ./alarm.o
 .debug_info    0x000000a8      0x6f4 ./gpio.o
 .debug_info    0x0000079c      0x1d8 ./interrupts.o
 .debug_info    0x00000974      0x170 ./lm3s6965_startup_ccs_gcc.o
 .debug_info    0x00000ae4      0x1b7 ./main.o
 .debug_info    0x00000c9b      0x10d ./system.o

.debug_abbrev   0x00000000      0x466
 .debug_abbrev  0x00000000       0x60 ./alarm.o
 .debug_abbrev  0x00000060      0x114 ./gpio.o
 .debug_abbrev  0x00000174       0xa7 ./interrupts.o
 .debug_abbrev  0x0000021b       0xbb ./lm3s6965_startup_ccs_gcc.o
 .debug_abbrev  0x000002d6       0xf7 ./main.o
 .debug_abbrev  0x000003cd       0x99 ./system.o

.debug_aranges  0x00000000      0x1a8
 .debug_aranges
                0x00000000       0x18 ./alarm.o
 .debug_aranges
                0x00000018       0xb0 ./gpio.o
 .debug_aranges
                0x000000c8       0x50 ./interrupts.o
 .debug_aranges
                0x00000118       0x38 ./lm3s6965_startup_ccs_gcc.o
 .debug_aranges
                0x00000150       0x30 ./main.o
 .debug_aranges
                0x00000180       0x28 ./system.o

.debug_line     0x00000000      0x4ec
 .debug_line    0x00000000       0x2c ./alarm.o
 .debug_line    0x0000002c      0x1be ./gpio.o
 .debug_line    0x000001ea       0xbb ./interrupts.o
 .debug_line    0x000002a5      0x14e ./lm3s6965_startup_ccs_gcc.o
 .debug_line    0x000003f3       0x8a ./main.o
 .debug_line    0x0000047d        0x0 ./mutex.o
 .debug_line    0x0000047d       0x6f ./system.o
 .debug_line    0x000004ec        0x0 ./task.o
 .debug_line    0x000004ec        0x0 ./uart.o

.debug_str      0x00000000      0x5df
 .debug_str     0x00000000      0x16e ./alarm.o
                                0x195 (size before relaxing)
 .debug_str     0x0000016e      0x2f2 ./gpio.o
                                0x48d (size before relaxing)
 .debug_str     0x00000460       0x7e ./interrupts.o
                                0x1c9 (size before relaxing)
 .debug_str     0x000004de       0xba ./lm3s6965_startup_ccs_gcc.o
                                0x227 (size before relaxing)
 .debug_str     0x00000598       0x28 ./main.o
                                0x248 (size before relaxing)
 .debug_str     0x000005c0        0x0 ./mutex.o
 .debug_str     0x000005c0       0x1f ./system.o
                                0x1aa (size before relaxing)
 .debug_str     0x000005df        0x0 ./task.o
 .debug_str     0x000005df        0x0 ./uart.o

.debug_ranges   0x00000000      0x140
 .debug_ranges  0x00000000       0xa0 ./gpio.o
 .debug_ranges  0x000000a0       0x40 ./interrupts.o
 .debug_ranges  0x000000e0       0x28 ./lm3s6965_startup_ccs_gcc.o
 .debug_ranges  0x00000108       0x20 ./main.o
 .debug_ranges  0x00000128       0x18 ./system.o

.debug_frame    0x00000000      0x498
 .debug_frame   0x00000000      0x194 ./gpio.o
 .debug_frame   0x00000194       0x9c ./interrupts.o
 .debug_frame   0x00000230       0x58 ./lm3s6965_startup_ccs_gcc.o
 .debug_frame   0x00000288       0x58 ./main.o
 .debug_frame   0x000002e0       0x34 ./system.o
 .debug_frame   0x00000314       0x28 c:/ti/ccsv6/tools/compiler/gcc-arm-none-eabi-4_8-2014q3/bin/../lib/gcc/arm-none-eabi/4.8.4/../../../../arm-none-eabi/lib/thumb\libc.a(lib_a-exit.o)
 .debug_frame   0x0000033c       0x2c c:/ti/ccsv6/tools/compiler/gcc-arm-none-eabi-4_8-2014q3/bin/../lib/gcc/arm-none-eabi/4.8.4/../../../../arm-none-eabi/lib/thumb\libc.a(lib_a-init.o)
 .debug_frame   0x00000368       0x30 c:/ti/ccsv6/tools/compiler/gcc-arm-none-eabi-4_8-2014q3/bin/../lib/gcc/arm-none-eabi/4.8.4/../../../../arm-none-eabi/lib/thumb\libc.a(lib_a-memset.o)
 .debug_frame   0x00000398       0x54 c:/ti/ccsv6/tools/compiler/gcc-arm-none-eabi-4_8-2014q3/bin/../lib/gcc/arm-none-eabi/4.8.4/../../../../arm-none-eabi/lib/thumb\libc.a(lib_a-__call_atexit.o)
 .debug_frame   0x000003ec       0x28 c:/ti/ccsv6/tools/compiler/gcc-arm-none-eabi-4_8-2014q3/bin/../lib/gcc/arm-none-eabi/4.8.4/../../../../arm-none-eabi/lib/thumb\libc.a(lib_a-atexit.o)
 .debug_frame   0x00000414       0x2c c:/ti/ccsv6/tools/compiler/gcc-arm-none-eabi-4_8-2014q3/bin/../lib/gcc/arm-none-eabi/4.8.4/../../../../arm-none-eabi/lib/thumb\libc.a(lib_a-fini.o)
 .debug_frame   0x00000440       0x38 c:/ti/ccsv6/tools/compiler/gcc-arm-none-eabi-4_8-2014q3/bin/../lib/gcc/arm-none-eabi/4.8.4/../../../../arm-none-eabi/lib/thumb\libc.a(lib_a-__atexit.o)
 .debug_frame   0x00000478       0x20 c:/ti/ccsv6/tools/compiler/gcc-arm-none-eabi-4_8-2014q3/bin/../lib/gcc/arm-none-eabi/4.8.4/../../../../arm-none-eabi/lib/thumb\libnosys.a(_exit.o)
