Archive member included because of file (symbol)

c:/ti/ccsv6/tools/compiler/gcc-arm-none-eabi-4_8-2014q3/bin/../lib/gcc/arm-none-eabi/4.8.4/../../../../arm-none-eabi/lib/thumb\libc.a(lib_a-exit.o)
                              c:/ti/ccsv6/tools/compiler/gcc-arm-none-eabi-4_8-2014q3/bin/../lib/gcc/arm-none-eabi/4.8.4/../../../../arm-none-eabi/lib/thumb/crt0.o (exit)
c:/ti/ccsv6/tools/compiler/gcc-arm-none-eabi-4_8-2014q3/bin/../lib/gcc/arm-none-eabi/4.8.4/../../../../arm-none-eabi/lib/thumb\libc.a(lib_a-impure.o)
                              c:/ti/ccsv6/tools/compiler/gcc-arm-none-eabi-4_8-2014q3/bin/../lib/gcc/arm-none-eabi/4.8.4/../../../../arm-none-eabi/lib/thumb\libc.a(lib_a-exit.o) (_global_impure_ptr)
c:/ti/ccsv6/tools/compiler/gcc-arm-none-eabi-4_8-2014q3/bin/../lib/gcc/arm-none-eabi/4.8.4/../../../../arm-none-eabi/lib/thumb\libc.a(lib_a-init.o)
                              c:/ti/ccsv6/tools/compiler/gcc-arm-none-eabi-4_8-2014q3/bin/../lib/gcc/arm-none-eabi/4.8.4/../../../../arm-none-eabi/lib/thumb/crt0.o (__libc_init_array)
c:/ti/ccsv6/tools/compiler/gcc-arm-none-eabi-4_8-2014q3/bin/../lib/gcc/arm-none-eabi/4.8.4/../../../../arm-none-eabi/lib/thumb\libc.a(lib_a-memset.o)
                              c:/ti/ccsv6/tools/compiler/gcc-arm-none-eabi-4_8-2014q3/bin/../lib/gcc/arm-none-eabi/4.8.4/../../../../arm-none-eabi/lib/thumb/crt0.o (memset)
c:/ti/ccsv6/tools/compiler/gcc-arm-none-eabi-4_8-2014q3/bin/../lib/gcc/arm-none-eabi/4.8.4/../../../../arm-none-eabi/lib/thumb\libc.a(lib_a-__call_atexit.o)
                              c:/ti/ccsv6/tools/compiler/gcc-arm-none-eabi-4_8-2014q3/bin/../lib/gcc/arm-none-eabi/4.8.4/../../../../arm-none-eabi/lib/thumb\libc.a(lib_a-exit.o) (__call_exitprocs)
c:/ti/ccsv6/tools/compiler/gcc-arm-none-eabi-4_8-2014q3/bin/../lib/gcc/arm-none-eabi/4.8.4/../../../../arm-none-eabi/lib/thumb\libc.a(lib_a-atexit.o)
                              c:/ti/ccsv6/tools/compiler/gcc-arm-none-eabi-4_8-2014q3/bin/../lib/gcc/arm-none-eabi/4.8.4/../../../../arm-none-eabi/lib/thumb\libc.a(lib_a-__call_atexit.o) (atexit)
c:/ti/ccsv6/tools/compiler/gcc-arm-none-eabi-4_8-2014q3/bin/../lib/gcc/arm-none-eabi/4.8.4/../../../../arm-none-eabi/lib/thumb\libc.a(lib_a-fini.o)
                              c:/ti/ccsv6/tools/compiler/gcc-arm-none-eabi-4_8-2014q3/bin/../lib/gcc/arm-none-eabi/4.8.4/../../../../arm-none-eabi/lib/thumb\libc.a(lib_a-__call_atexit.o) (__libc_fini_array)
c:/ti/ccsv6/tools/compiler/gcc-arm-none-eabi-4_8-2014q3/bin/../lib/gcc/arm-none-eabi/4.8.4/../../../../arm-none-eabi/lib/thumb\libc.a(lib_a-__atexit.o)
                              c:/ti/ccsv6/tools/compiler/gcc-arm-none-eabi-4_8-2014q3/bin/../lib/gcc/arm-none-eabi/4.8.4/../../../../arm-none-eabi/lib/thumb\libc.a(lib_a-atexit.o) (__register_exitproc)
c:/ti/ccsv6/tools/compiler/gcc-arm-none-eabi-4_8-2014q3/bin/../lib/gcc/arm-none-eabi/4.8.4/../../../../arm-none-eabi/lib/thumb\libnosys.a(_exit.o)
                              c:/ti/ccsv6/tools/compiler/gcc-arm-none-eabi-4_8-2014q3/bin/../lib/gcc/arm-none-eabi/4.8.4/../../../../arm-none-eabi/lib/thumb\libc.a(lib_a-exit.o) (_exit)

Allocating common symbols
Common symbol       size              file

st_regs             0x4               ./gpio.o

Memory Configuration

Name             Origin             Length             Attributes
FLASH            0x00000000         0x00040000         xr
SRAM             0x20000000         0x00010000         xw
*default*        0x00000000         0xffffffff

Linker script and memory map

LOAD c:/ti/ccsv6/tools/compiler/gcc-arm-none-eabi-4_8-2014q3/bin/../lib/gcc/arm-none-eabi/4.8.4/thumb/crti.o
LOAD c:/ti/ccsv6/tools/compiler/gcc-arm-none-eabi-4_8-2014q3/bin/../lib/gcc/arm-none-eabi/4.8.4/thumb/crtbegin.o
LOAD c:/ti/ccsv6/tools/compiler/gcc-arm-none-eabi-4_8-2014q3/bin/../lib/gcc/arm-none-eabi/4.8.4/../../../../arm-none-eabi/lib/thumb/crt0.o
LOAD ./gpio.o
LOAD ./interrupts.o
LOAD ./lm3s6965_startup_ccs_gcc.o
LOAD ./main.o
LOAD ./system.o
                0x00000000                PROVIDE (_intvecs_base_address, 0x0)

.isr_vector     0x00000000       0xf0
 *(.isr_vector)
 .isr_vector    0x00000000       0xf0 ./lm3s6965_startup_ccs_gcc.o
                0x00000000                g_pfnVectors
                0x20000000                PROVIDE (_vtable_base_address, 0x20000000)

.vtable
 *(.vtable)

.text           0x000000f0      0xcc0
 CREATE_OBJECT_SYMBOLS
 *(.text)
 .text          0x000000f0        0x0 c:/ti/ccsv6/tools/compiler/gcc-arm-none-eabi-4_8-2014q3/bin/../lib/gcc/arm-none-eabi/4.8.4/thumb/crti.o
 .text          0x000000f0       0x6c c:/ti/ccsv6/tools/compiler/gcc-arm-none-eabi-4_8-2014q3/bin/../lib/gcc/arm-none-eabi/4.8.4/thumb/crtbegin.o
 .text          0x0000015c       0xfc c:/ti/ccsv6/tools/compiler/gcc-arm-none-eabi-4_8-2014q3/bin/../lib/gcc/arm-none-eabi/4.8.4/../../../../arm-none-eabi/lib/thumb/crt0.o
                0x0000015c                _start
                0x0000015c                _mainCRTStartup
                0x000001f4                __change_mode
                0x00000234                change_back
 .text          0x00000258        0x0 ./gpio.o
 .text          0x00000258        0x0 ./interrupts.o
 .text          0x00000258        0x0 ./lm3s6965_startup_ccs_gcc.o
 .text          0x00000258        0x0 ./main.o
 .text          0x00000258        0x0 ./system.o
 .text          0x00000258        0x0 c:/ti/ccsv6/tools/compiler/gcc-arm-none-eabi-4_8-2014q3/bin/../lib/gcc/arm-none-eabi/4.8.4/../../../../arm-none-eabi/lib/thumb\libc.a(lib_a-exit.o)
 .text          0x00000258        0x0 c:/ti/ccsv6/tools/compiler/gcc-arm-none-eabi-4_8-2014q3/bin/../lib/gcc/arm-none-eabi/4.8.4/../../../../arm-none-eabi/lib/thumb\libc.a(lib_a-impure.o)
 .text          0x00000258        0x0 c:/ti/ccsv6/tools/compiler/gcc-arm-none-eabi-4_8-2014q3/bin/../lib/gcc/arm-none-eabi/4.8.4/../../../../arm-none-eabi/lib/thumb\libc.a(lib_a-init.o)
 .text          0x00000258        0x0 c:/ti/ccsv6/tools/compiler/gcc-arm-none-eabi-4_8-2014q3/bin/../lib/gcc/arm-none-eabi/4.8.4/../../../../arm-none-eabi/lib/thumb\libc.a(lib_a-memset.o)
 .text          0x00000258        0x0 c:/ti/ccsv6/tools/compiler/gcc-arm-none-eabi-4_8-2014q3/bin/../lib/gcc/arm-none-eabi/4.8.4/../../../../arm-none-eabi/lib/thumb\libc.a(lib_a-__call_atexit.o)
 .text          0x00000258        0x0 c:/ti/ccsv6/tools/compiler/gcc-arm-none-eabi-4_8-2014q3/bin/../lib/gcc/arm-none-eabi/4.8.4/../../../../arm-none-eabi/lib/thumb\libc.a(lib_a-atexit.o)
 .text          0x00000258        0x0 c:/ti/ccsv6/tools/compiler/gcc-arm-none-eabi-4_8-2014q3/bin/../lib/gcc/arm-none-eabi/4.8.4/../../../../arm-none-eabi/lib/thumb\libc.a(lib_a-fini.o)
 .text          0x00000258        0x0 c:/ti/ccsv6/tools/compiler/gcc-arm-none-eabi-4_8-2014q3/bin/../lib/gcc/arm-none-eabi/4.8.4/../../../../arm-none-eabi/lib/thumb\libc.a(lib_a-__atexit.o)
 .text          0x00000258        0x0 c:/ti/ccsv6/tools/compiler/gcc-arm-none-eabi-4_8-2014q3/bin/../lib/gcc/arm-none-eabi/4.8.4/../../../../arm-none-eabi/lib/thumb\libnosys.a(_exit.o)
 .text          0x00000258        0x0 c:/ti/ccsv6/tools/compiler/gcc-arm-none-eabi-4_8-2014q3/bin/../lib/gcc/arm-none-eabi/4.8.4/thumb/crtend.o
 .text          0x00000258        0x0 c:/ti/ccsv6/tools/compiler/gcc-arm-none-eabi-4_8-2014q3/bin/../lib/gcc/arm-none-eabi/4.8.4/thumb/crtn.o
 *(.text.*)
 .text.gpio_enable
                0x00000258       0x30 ./gpio.o
                0x00000258                gpio_enable
 .text.gpio_disable
                0x00000288       0x30 ./gpio.o
                0x00000288                gpio_disable
 .text.gpio_setPin
                0x000002b8       0x2c ./gpio.o
                0x000002b8                gpio_setPin
 .text.gpio_clearPin
                0x000002e4       0x2c ./gpio.o
                0x000002e4                gpio_clearPin
 .text.gpio_readPort
                0x00000310       0x24 ./gpio.o
                0x00000310                gpio_readPort
 .text.gpio_writePort
                0x00000334       0x28 ./gpio.o
                0x00000334                gpio_writePort
 .text.gpio_setPinOutput
                0x0000035c       0x38 ./gpio.o
                0x0000035c                gpio_setPinOutput
 .text.gpio_setPinInput
                0x00000394       0x3c ./gpio.o
                0x00000394                gpio_setPinInput
 .text.gpio_setPullUp
                0x000003d0       0x68 ./gpio.o
                0x000003d0                gpio_setPullUp
 .text.gpio_setPullDown
                0x00000438       0x68 ./gpio.o
                0x00000438                gpio_setPullDown
 .text.gpio_setIntSense
                0x000004a0       0x70 ./gpio.o
                0x000004a0                gpio_setIntSense
 .text.gpio_setIntEvent
                0x00000510       0x70 ./gpio.o
                0x00000510                gpio_setIntEvent
 .text.gpio_setIntBothEdges
                0x00000580       0x70 ./gpio.o
                0x00000580                gpio_setIntBothEdges
 .text.gpio_enableInt
                0x000005f0       0x38 ./gpio.o
                0x000005f0                gpio_enableInt
 .text.gpio_disableInt
                0x00000628       0x3c ./gpio.o
                0x00000628                gpio_disableInt
 .text.gpio_intStatus
                0x00000664       0x38 ./gpio.o
                0x00000664                gpio_intStatus
 .text.gpio_clearInt
                0x0000069c       0x38 ./gpio.o
                0x0000069c                gpio_clearInt
 .text.gpio_enableDigital
                0x000006d4       0x34 ./gpio.o
                0x000006d4                gpio_enableDigital
 .text.gpio_disableDigital
                0x00000708       0x38 ./gpio.o
                0x00000708                gpio_disableDigital
 .text.nvic_enable
                0x00000740       0x28 ./interrupts.o
                0x00000740                nvic_enable
 .text.nvic_disable
                0x00000768       0x28 ./interrupts.o
                0x00000768                nvic_disable
 .text.nvic_setPending
                0x00000790       0x28 ./interrupts.o
                0x00000790                nvic_setPending
 .text.nvic_clearPending
                0x000007b8       0x28 ./interrupts.o
                0x000007b8                nvic_clearPending
 .text.nvic_active
                0x000007e0       0x38 ./interrupts.o
                0x000007e0                nvic_active
 .text.nvic_getPriority
                0x00000818       0x30 ./interrupts.o
                0x00000818                nvic_getPriority
 .text.nvic_setPriority
                0x00000848       0x64 ./interrupts.o
                0x00000848                nvic_setPriority
 .text.ResetISR
                0x000008ac       0x58 ./lm3s6965_startup_ccs_gcc.o
                0x000008ac                ResetISR
 .text.NmiSR    0x00000904        0x4 ./lm3s6965_startup_ccs_gcc.o
 .text.FaultISR
                0x00000908        0x4 ./lm3s6965_startup_ccs_gcc.o
 .text.IntDefaultHandler
                0x0000090c        0x4 ./lm3s6965_startup_ccs_gcc.o
                0x0000090c                PortC_INT
                0x0000090c                PortD_INT
                0x0000090c                PortB_INT
                0x0000090c                PortE_INT
                0x0000090c                SysTick_INT
                0x0000090c                PortA_INT
                0x0000090c                PortH_INT
                0x0000090c                PortG_INT
 .text.soma     0x00000910       0x28 ./main.o
                0x00000910                soma
 .text.PortF_INT
                0x00000938       0x44 ./main.o
                0x00000938                PortF_INT
 .text.main     0x0000097c       0x58 ./main.o
                0x0000097c                main
 .text.delay    0x000009d4       0x14 ./system.o
                0x000009d4                delay
 .text.delay2   0x000009e8       0x28 ./system.o
                0x000009e8                delay2
 .text.exit     0x00000a10       0x28 c:/ti/ccsv6/tools/compiler/gcc-arm-none-eabi-4_8-2014q3/bin/../lib/gcc/arm-none-eabi/4.8.4/../../../../arm-none-eabi/lib/thumb\libc.a(lib_a-exit.o)
                0x00000a10                exit
 .text.__libc_init_array
                0x00000a38       0x58 c:/ti/ccsv6/tools/compiler/gcc-arm-none-eabi-4_8-2014q3/bin/../lib/gcc/arm-none-eabi/4.8.4/../../../../arm-none-eabi/lib/thumb\libc.a(lib_a-init.o)
                0x00000a38                __libc_init_array
 .text.memset   0x00000a90       0xa4 c:/ti/ccsv6/tools/compiler/gcc-arm-none-eabi-4_8-2014q3/bin/../lib/gcc/arm-none-eabi/4.8.4/../../../../arm-none-eabi/lib/thumb\libc.a(lib_a-memset.o)
                0x00000a90                memset
 .text.startup.register_fini
                0x00000b34       0x1c c:/ti/ccsv6/tools/compiler/gcc-arm-none-eabi-4_8-2014q3/bin/../lib/gcc/arm-none-eabi/4.8.4/../../../../arm-none-eabi/lib/thumb\libc.a(lib_a-__call_atexit.o)
 .text.__call_exitprocs
                0x00000b50      0x128 c:/ti/ccsv6/tools/compiler/gcc-arm-none-eabi-4_8-2014q3/bin/../lib/gcc/arm-none-eabi/4.8.4/../../../../arm-none-eabi/lib/thumb\libc.a(lib_a-__call_atexit.o)
                0x00000b50                __call_exitprocs
 .text.atexit   0x00000c78       0x14 c:/ti/ccsv6/tools/compiler/gcc-arm-none-eabi-4_8-2014q3/bin/../lib/gcc/arm-none-eabi/4.8.4/../../../../arm-none-eabi/lib/thumb\libc.a(lib_a-atexit.o)
                0x00000c78                atexit
 .text.__libc_fini_array
                0x00000c8c       0x38 c:/ti/ccsv6/tools/compiler/gcc-arm-none-eabi-4_8-2014q3/bin/../lib/gcc/arm-none-eabi/4.8.4/../../../../arm-none-eabi/lib/thumb\libc.a(lib_a-fini.o)
                0x00000c8c                __libc_fini_array
 .text.__register_exitproc
                0x00000cc4       0xc4 c:/ti/ccsv6/tools/compiler/gcc-arm-none-eabi-4_8-2014q3/bin/../lib/gcc/arm-none-eabi/4.8.4/../../../../arm-none-eabi/lib/thumb\libc.a(lib_a-__atexit.o)
                0x00000cc4                __register_exitproc
 .text._exit    0x00000d88        0x4 c:/ti/ccsv6/tools/compiler/gcc-arm-none-eabi-4_8-2014q3/bin/../lib/gcc/arm-none-eabi/4.8.4/../../../../arm-none-eabi/lib/thumb\libnosys.a(_exit.o)
                0x00000d88                _exit
                0x00000d8c                . = ALIGN (0x4)
 *(.ctors)
                0x00000d8c                . = ALIGN (0x4)
 *(.dtors)
                0x00000d8c                . = ALIGN (0x4)
                0x00000d8c                __init_array_start = .
 *(.init_array*)
 .init_array    0x00000d8c        0x4 c:/ti/ccsv6/tools/compiler/gcc-arm-none-eabi-4_8-2014q3/bin/../lib/gcc/arm-none-eabi/4.8.4/thumb/crtbegin.o
 .init_array.00000
                0x00000d90        0x4 c:/ti/ccsv6/tools/compiler/gcc-arm-none-eabi-4_8-2014q3/bin/../lib/gcc/arm-none-eabi/4.8.4/../../../../arm-none-eabi/lib/thumb\libc.a(lib_a-__call_atexit.o)
                0x00000d94                __init_array_end = .
 *(.init)
 .init          0x00000d94        0x4 c:/ti/ccsv6/tools/compiler/gcc-arm-none-eabi-4_8-2014q3/bin/../lib/gcc/arm-none-eabi/4.8.4/thumb/crti.o
                0x00000d94                _init
 .init          0x00000d98        0x8 c:/ti/ccsv6/tools/compiler/gcc-arm-none-eabi-4_8-2014q3/bin/../lib/gcc/arm-none-eabi/4.8.4/thumb/crtn.o
 *(.fini*)
 .fini          0x00000da0        0x4 c:/ti/ccsv6/tools/compiler/gcc-arm-none-eabi-4_8-2014q3/bin/../lib/gcc/arm-none-eabi/4.8.4/thumb/crti.o
                0x00000da0                _fini
 .fini_array    0x00000da4        0x4 c:/ti/ccsv6/tools/compiler/gcc-arm-none-eabi-4_8-2014q3/bin/../lib/gcc/arm-none-eabi/4.8.4/thumb/crtbegin.o
 .fini          0x00000da8        0x8 c:/ti/ccsv6/tools/compiler/gcc-arm-none-eabi-4_8-2014q3/bin/../lib/gcc/arm-none-eabi/4.8.4/thumb/crtn.o
                0x00000db0                PROVIDE (__etext, .)
                0x00000db0                PROVIDE (_etext, .)
                0x00000db0                PROVIDE (etext, .)

.glue_7         0x00000db0        0x0
 .glue_7        0x00000000        0x0 linker stubs

.glue_7t        0x00000db0        0x0
 .glue_7t       0x00000000        0x0 linker stubs

.vfp11_veneer   0x00000db0        0x0
 .vfp11_veneer  0x00000000        0x0 linker stubs

.v4_bx          0x00000db0        0x0
 .v4_bx         0x00000000        0x0 linker stubs

.iplt           0x00000db0        0x0
 .iplt          0x00000000        0x0 c:/ti/ccsv6/tools/compiler/gcc-arm-none-eabi-4_8-2014q3/bin/../lib/gcc/arm-none-eabi/4.8.4/thumb/crtbegin.o

.rodata         0x00000db0        0x8
 *(.rodata)
 *(.rodata*)
 .rodata.str1.4
                0x00000db0        0x4 c:/ti/ccsv6/tools/compiler/gcc-arm-none-eabi-4_8-2014q3/bin/../lib/gcc/arm-none-eabi/4.8.4/../../../../arm-none-eabi/lib/thumb\libc.a(lib_a-impure.o)
 .rodata._global_impure_ptr
                0x00000db4        0x4 c:/ti/ccsv6/tools/compiler/gcc-arm-none-eabi-4_8-2014q3/bin/../lib/gcc/arm-none-eabi/4.8.4/../../../../arm-none-eabi/lib/thumb\libc.a(lib_a-impure.o)
                0x00000db4                _global_impure_ptr

.eh_frame       0x00000db8        0x4
 .eh_frame      0x00000db8        0x0 c:/ti/ccsv6/tools/compiler/gcc-arm-none-eabi-4_8-2014q3/bin/../lib/gcc/arm-none-eabi/4.8.4/thumb/crtbegin.o
 .eh_frame      0x00000db8        0x4 c:/ti/ccsv6/tools/compiler/gcc-arm-none-eabi-4_8-2014q3/bin/../lib/gcc/arm-none-eabi/4.8.4/thumb/crtend.o

.data           0x20000000      0x46c load address 0x00000dbc
                0x00000dbc                __data_load__ = LOADADDR (.data)
                0x20000000                __data_start__ = .
 *(.data)
 .data          0x20000000        0x0 c:/ti/ccsv6/tools/compiler/gcc-arm-none-eabi-4_8-2014q3/bin/../lib/gcc/arm-none-eabi/4.8.4/thumb/crti.o
 .data          0x20000000        0x4 c:/ti/ccsv6/tools/compiler/gcc-arm-none-eabi-4_8-2014q3/bin/../lib/gcc/arm-none-eabi/4.8.4/thumb/crtbegin.o
                0x20000000                __dso_handle
 .data          0x20000004        0x0 c:/ti/ccsv6/tools/compiler/gcc-arm-none-eabi-4_8-2014q3/bin/../lib/gcc/arm-none-eabi/4.8.4/../../../../arm-none-eabi/lib/thumb/crt0.o
 .data          0x20000004        0x0 ./gpio.o
 .data          0x20000004        0x0 ./interrupts.o
 .data          0x20000004        0x0 ./lm3s6965_startup_ccs_gcc.o
 .data          0x20000004        0x0 ./main.o
 .data          0x20000004        0x0 ./system.o
 .data          0x20000004        0x0 c:/ti/ccsv6/tools/compiler/gcc-arm-none-eabi-4_8-2014q3/bin/../lib/gcc/arm-none-eabi/4.8.4/../../../../arm-none-eabi/lib/thumb\libc.a(lib_a-exit.o)
 .data          0x20000004        0x0 c:/ti/ccsv6/tools/compiler/gcc-arm-none-eabi-4_8-2014q3/bin/../lib/gcc/arm-none-eabi/4.8.4/../../../../arm-none-eabi/lib/thumb\libc.a(lib_a-impure.o)
 .data          0x20000004        0x0 c:/ti/ccsv6/tools/compiler/gcc-arm-none-eabi-4_8-2014q3/bin/../lib/gcc/arm-none-eabi/4.8.4/../../../../arm-none-eabi/lib/thumb\libc.a(lib_a-init.o)
 .data          0x20000004        0x0 c:/ti/ccsv6/tools/compiler/gcc-arm-none-eabi-4_8-2014q3/bin/../lib/gcc/arm-none-eabi/4.8.4/../../../../arm-none-eabi/lib/thumb\libc.a(lib_a-memset.o)
 .data          0x20000004        0x0 c:/ti/ccsv6/tools/compiler/gcc-arm-none-eabi-4_8-2014q3/bin/../lib/gcc/arm-none-eabi/4.8.4/../../../../arm-none-eabi/lib/thumb\libc.a(lib_a-__call_atexit.o)
 .data          0x20000004        0x0 c:/ti/ccsv6/tools/compiler/gcc-arm-none-eabi-4_8-2014q3/bin/../lib/gcc/arm-none-eabi/4.8.4/../../../../arm-none-eabi/lib/thumb\libc.a(lib_a-atexit.o)
 .data          0x20000004        0x0 c:/ti/ccsv6/tools/compiler/gcc-arm-none-eabi-4_8-2014q3/bin/../lib/gcc/arm-none-eabi/4.8.4/../../../../arm-none-eabi/lib/thumb\libc.a(lib_a-fini.o)
 .data          0x20000004        0x0 c:/ti/ccsv6/tools/compiler/gcc-arm-none-eabi-4_8-2014q3/bin/../lib/gcc/arm-none-eabi/4.8.4/../../../../arm-none-eabi/lib/thumb\libc.a(lib_a-__atexit.o)
 .data          0x20000004        0x0 c:/ti/ccsv6/tools/compiler/gcc-arm-none-eabi-4_8-2014q3/bin/../lib/gcc/arm-none-eabi/4.8.4/../../../../arm-none-eabi/lib/thumb\libnosys.a(_exit.o)
 .data          0x20000004        0x0 c:/ti/ccsv6/tools/compiler/gcc-arm-none-eabi-4_8-2014q3/bin/../lib/gcc/arm-none-eabi/4.8.4/thumb/crtend.o
 .data          0x20000004        0x0 c:/ti/ccsv6/tools/compiler/gcc-arm-none-eabi-4_8-2014q3/bin/../lib/gcc/arm-none-eabi/4.8.4/thumb/crtn.o
 *(.data*)
 .data.gpio_regs
                0x20000004       0x1c ./gpio.o
                0x20000004                gpio_regs
 .data.gpio_padctrl
                0x20000020       0x1c ./gpio.o
                0x20000020                gpio_padctrl
 *fill*         0x2000003c        0x4 
 .data.impure_data
                0x20000040      0x428 c:/ti/ccsv6/tools/compiler/gcc-arm-none-eabi-4_8-2014q3/bin/../lib/gcc/arm-none-eabi/4.8.4/../../../../arm-none-eabi/lib/thumb\libc.a(lib_a-impure.o)
 .data._impure_ptr
                0x20000468        0x4 c:/ti/ccsv6/tools/compiler/gcc-arm-none-eabi-4_8-2014q3/bin/../lib/gcc/arm-none-eabi/4.8.4/../../../../arm-none-eabi/lib/thumb\libc.a(lib_a-impure.o)
                0x20000468                _impure_ptr
                0x2000046c                . = ALIGN (0x4)
                0x2000046c                __data_end__ = .

.jcr            0x2000046c        0x4 load address 0x00001228
 .jcr           0x2000046c        0x0 c:/ti/ccsv6/tools/compiler/gcc-arm-none-eabi-4_8-2014q3/bin/../lib/gcc/arm-none-eabi/4.8.4/thumb/crtbegin.o
 .jcr           0x2000046c        0x4 c:/ti/ccsv6/tools/compiler/gcc-arm-none-eabi-4_8-2014q3/bin/../lib/gcc/arm-none-eabi/4.8.4/thumb/crtend.o

.igot.plt       0x20000470        0x0 load address 0x0000122c
 .igot.plt      0x00000000        0x0 c:/ti/ccsv6/tools/compiler/gcc-arm-none-eabi-4_8-2014q3/bin/../lib/gcc/arm-none-eabi/4.8.4/thumb/crtbegin.o

.ARM.exidx      0x0000122c        0x8
                0x0000122c                __exidx_start = .
 *(.ARM.exidx* .gnu.linkonce.armexidx.*)
 .ARM.exidx     0x0000122c        0x8 c:/ti/ccsv6/tools/compiler/gcc-arm-none-eabi-4_8-2014q3/bin/../lib/gcc/arm-none-eabi/4.8.4/../../../../arm-none-eabi/lib/thumb/crt0.o
                0x00001234                __exidx_end = .

.ARM.extab      0x00001234        0x0
 *(.ARM.extab* .gnu.linkonce.armextab.*)
 .ARM.extab     0x00001234        0x0 c:/ti/ccsv6/tools/compiler/gcc-arm-none-eabi-4_8-2014q3/bin/../lib/gcc/arm-none-eabi/4.8.4/../../../../arm-none-eabi/lib/thumb/crt0.o

.rel.dyn        0x00001234        0x0
 .rel.iplt      0x00000000        0x0 c:/ti/ccsv6/tools/compiler/gcc-arm-none-eabi-4_8-2014q3/bin/../lib/gcc/arm-none-eabi/4.8.4/thumb/crtbegin.o

.bss            0x20000470      0x224
                0x20000470                __bss_start__ = .
 *(.shbss)
 *(.bss)
 .bss           0x20000470        0x0 c:/ti/ccsv6/tools/compiler/gcc-arm-none-eabi-4_8-2014q3/bin/../lib/gcc/arm-none-eabi/4.8.4/thumb/crti.o
 .bss           0x20000470       0x1c c:/ti/ccsv6/tools/compiler/gcc-arm-none-eabi-4_8-2014q3/bin/../lib/gcc/arm-none-eabi/4.8.4/thumb/crtbegin.o
 .bss           0x2000048c        0x0 c:/ti/ccsv6/tools/compiler/gcc-arm-none-eabi-4_8-2014q3/bin/../lib/gcc/arm-none-eabi/4.8.4/../../../../arm-none-eabi/lib/thumb/crt0.o
 .bss           0x2000048c        0x0 ./gpio.o
 .bss           0x2000048c        0x0 ./interrupts.o
 .bss           0x2000048c        0x0 ./lm3s6965_startup_ccs_gcc.o
 .bss           0x2000048c        0x0 ./main.o
 .bss           0x2000048c        0x0 ./system.o
 .bss           0x2000048c        0x0 c:/ti/ccsv6/tools/compiler/gcc-arm-none-eabi-4_8-2014q3/bin/../lib/gcc/arm-none-eabi/4.8.4/../../../../arm-none-eabi/lib/thumb\libc.a(lib_a-exit.o)
 .bss           0x2000048c        0x0 c:/ti/ccsv6/tools/compiler/gcc-arm-none-eabi-4_8-2014q3/bin/../lib/gcc/arm-none-eabi/4.8.4/../../../../arm-none-eabi/lib/thumb\libc.a(lib_a-impure.o)
 .bss           0x2000048c        0x0 c:/ti/ccsv6/tools/compiler/gcc-arm-none-eabi-4_8-2014q3/bin/../lib/gcc/arm-none-eabi/4.8.4/../../../../arm-none-eabi/lib/thumb\libc.a(lib_a-init.o)
 .bss           0x2000048c        0x0 c:/ti/ccsv6/tools/compiler/gcc-arm-none-eabi-4_8-2014q3/bin/../lib/gcc/arm-none-eabi/4.8.4/../../../../arm-none-eabi/lib/thumb\libc.a(lib_a-memset.o)
 .bss           0x2000048c        0x0 c:/ti/ccsv6/tools/compiler/gcc-arm-none-eabi-4_8-2014q3/bin/../lib/gcc/arm-none-eabi/4.8.4/../../../../arm-none-eabi/lib/thumb\libc.a(lib_a-__call_atexit.o)
 .bss           0x2000048c        0x0 c:/ti/ccsv6/tools/compiler/gcc-arm-none-eabi-4_8-2014q3/bin/../lib/gcc/arm-none-eabi/4.8.4/../../../../arm-none-eabi/lib/thumb\libc.a(lib_a-atexit.o)
 .bss           0x2000048c        0x0 c:/ti/ccsv6/tools/compiler/gcc-arm-none-eabi-4_8-2014q3/bin/../lib/gcc/arm-none-eabi/4.8.4/../../../../arm-none-eabi/lib/thumb\libc.a(lib_a-fini.o)
 .bss           0x2000048c        0x0 c:/ti/ccsv6/tools/compiler/gcc-arm-none-eabi-4_8-2014q3/bin/../lib/gcc/arm-none-eabi/4.8.4/../../../../arm-none-eabi/lib/thumb\libc.a(lib_a-__atexit.o)
 .bss           0x2000048c        0x0 c:/ti/ccsv6/tools/compiler/gcc-arm-none-eabi-4_8-2014q3/bin/../lib/gcc/arm-none-eabi/4.8.4/../../../../arm-none-eabi/lib/thumb\libnosys.a(_exit.o)
 .bss           0x2000048c        0x0 c:/ti/ccsv6/tools/compiler/gcc-arm-none-eabi-4_8-2014q3/bin/../lib/gcc/arm-none-eabi/4.8.4/thumb/crtend.o
 .bss           0x2000048c        0x0 c:/ti/ccsv6/tools/compiler/gcc-arm-none-eabi-4_8-2014q3/bin/../lib/gcc/arm-none-eabi/4.8.4/thumb/crtn.o
 *(.bss.*)
 .bss.pui32Stack
                0x2000048c      0x200 ./lm3s6965_startup_ccs_gcc.o
 .bss.turn      0x2000068c        0x4 ./main.o
                0x2000068c                turn
 *(COMMON)
 COMMON         0x20000690        0x4 ./gpio.o
                0x20000690                st_regs
                0x20000694                . = ALIGN (0x4)
                0x20000694                __bss_end__ = .

.heap           0x20000694        0x0
                0x20000694                __heap_start__ = .
                0x20000694                end = __heap_start__
                0x20000694                _end = end
                0x20000694                __end = end
 *(.heap)
                0x20000694                __heap_end__ = .
                0x20000694                __HeapLimit = __heap_end__

.stack          0x20000698        0x0
                0x20000698                _stack = .
                0x20000698                __stack = .
 *(.stack)
START GROUP
LOAD c:/ti/ccsv6/tools/compiler/gcc-arm-none-eabi-4_8-2014q3/bin/../lib/gcc/arm-none-eabi/4.8.4/../../../../arm-none-eabi/lib/thumb\libc.a
LOAD c:/ti/ccsv6/tools/compiler/gcc-arm-none-eabi-4_8-2014q3/bin/../lib/gcc/arm-none-eabi/4.8.4/thumb\libgcc.a
LOAD c:/ti/ccsv6/tools/compiler/gcc-arm-none-eabi-4_8-2014q3/bin/../lib/gcc/arm-none-eabi/4.8.4/../../../../arm-none-eabi/lib/thumb\libnosys.a
END GROUP
START GROUP
LOAD c:/ti/ccsv6/tools/compiler/gcc-arm-none-eabi-4_8-2014q3/bin/../lib/gcc/arm-none-eabi/4.8.4/thumb\libgcc.a
LOAD c:/ti/ccsv6/tools/compiler/gcc-arm-none-eabi-4_8-2014q3/bin/../lib/gcc/arm-none-eabi/4.8.4/../../../../arm-none-eabi/lib/thumb\libg.a
LOAD c:/ti/ccsv6/tools/compiler/gcc-arm-none-eabi-4_8-2014q3/bin/../lib/gcc/arm-none-eabi/4.8.4/../../../../arm-none-eabi/lib/thumb\libc.a
END GROUP
LOAD c:/ti/ccsv6/tools/compiler/gcc-arm-none-eabi-4_8-2014q3/bin/../lib/gcc/arm-none-eabi/4.8.4/thumb/crtend.o
LOAD c:/ti/ccsv6/tools/compiler/gcc-arm-none-eabi-4_8-2014q3/bin/../lib/gcc/arm-none-eabi/4.8.4/thumb/crtn.o
OUTPUT(mcp-sch.out elf32-littlearm)

.ARM.attributes
                0x00000000       0x31
 .ARM.attributes
                0x00000000       0x16 c:/ti/ccsv6/tools/compiler/gcc-arm-none-eabi-4_8-2014q3/bin/../lib/gcc/arm-none-eabi/4.8.4/thumb/crti.o
 .ARM.attributes
                0x00000016       0x30 c:/ti/ccsv6/tools/compiler/gcc-arm-none-eabi-4_8-2014q3/bin/../lib/gcc/arm-none-eabi/4.8.4/thumb/crtbegin.o
 .ARM.attributes
                0x00000046       0x1a c:/ti/ccsv6/tools/compiler/gcc-arm-none-eabi-4_8-2014q3/bin/../lib/gcc/arm-none-eabi/4.8.4/../../../../arm-none-eabi/lib/thumb/crt0.o
 .ARM.attributes
                0x00000060       0x33 ./gpio.o
 .ARM.attributes
                0x00000093       0x33 ./interrupts.o
 .ARM.attributes
                0x000000c6       0x33 ./lm3s6965_startup_ccs_gcc.o
 .ARM.attributes
                0x000000f9       0x33 ./main.o
 .ARM.attributes
                0x0000012c       0x33 ./system.o
 .ARM.attributes
                0x0000015f       0x30 c:/ti/ccsv6/tools/compiler/gcc-arm-none-eabi-4_8-2014q3/bin/../lib/gcc/arm-none-eabi/4.8.4/../../../../arm-none-eabi/lib/thumb\libc.a(lib_a-exit.o)
 .ARM.attributes
                0x0000018f       0x30 c:/ti/ccsv6/tools/compiler/gcc-arm-none-eabi-4_8-2014q3/bin/../lib/gcc/arm-none-eabi/4.8.4/../../../../arm-none-eabi/lib/thumb\libc.a(lib_a-impure.o)
 .ARM.attributes
                0x000001bf       0x30 c:/ti/ccsv6/tools/compiler/gcc-arm-none-eabi-4_8-2014q3/bin/../lib/gcc/arm-none-eabi/4.8.4/../../../../arm-none-eabi/lib/thumb\libc.a(lib_a-init.o)
 .ARM.attributes
                0x000001ef       0x30 c:/ti/ccsv6/tools/compiler/gcc-arm-none-eabi-4_8-2014q3/bin/../lib/gcc/arm-none-eabi/4.8.4/../../../../arm-none-eabi/lib/thumb\libc.a(lib_a-memset.o)
 .ARM.attributes
                0x0000021f       0x30 c:/ti/ccsv6/tools/compiler/gcc-arm-none-eabi-4_8-2014q3/bin/../lib/gcc/arm-none-eabi/4.8.4/../../../../arm-none-eabi/lib/thumb\libc.a(lib_a-__call_atexit.o)
 .ARM.attributes
                0x0000024f       0x30 c:/ti/ccsv6/tools/compiler/gcc-arm-none-eabi-4_8-2014q3/bin/../lib/gcc/arm-none-eabi/4.8.4/../../../../arm-none-eabi/lib/thumb\libc.a(lib_a-atexit.o)
 .ARM.attributes
                0x0000027f       0x30 c:/ti/ccsv6/tools/compiler/gcc-arm-none-eabi-4_8-2014q3/bin/../lib/gcc/arm-none-eabi/4.8.4/../../../../arm-none-eabi/lib/thumb\libc.a(lib_a-fini.o)
 .ARM.attributes
                0x000002af       0x30 c:/ti/ccsv6/tools/compiler/gcc-arm-none-eabi-4_8-2014q3/bin/../lib/gcc/arm-none-eabi/4.8.4/../../../../arm-none-eabi/lib/thumb\libc.a(lib_a-__atexit.o)
 .ARM.attributes
                0x000002df       0x30 c:/ti/ccsv6/tools/compiler/gcc-arm-none-eabi-4_8-2014q3/bin/../lib/gcc/arm-none-eabi/4.8.4/../../../../arm-none-eabi/lib/thumb\libnosys.a(_exit.o)
 .ARM.attributes
                0x0000030f       0x30 c:/ti/ccsv6/tools/compiler/gcc-arm-none-eabi-4_8-2014q3/bin/../lib/gcc/arm-none-eabi/4.8.4/thumb/crtend.o
 .ARM.attributes
                0x0000033f       0x16 c:/ti/ccsv6/tools/compiler/gcc-arm-none-eabi-4_8-2014q3/bin/../lib/gcc/arm-none-eabi/4.8.4/thumb/crtn.o

.comment        0x00000000       0x70
 .comment       0x00000000       0x70 ./gpio.o
                                 0x71 (size before relaxing)
 .comment       0x00000000       0x71 ./interrupts.o
 .comment       0x00000000       0x71 ./lm3s6965_startup_ccs_gcc.o
 .comment       0x00000000       0x71 ./main.o
 .comment       0x00000000       0x71 ./system.o

.debug_info     0x00000000      0xd00
 .debug_info    0x00000000      0x6f4 ./gpio.o
 .debug_info    0x000006f4      0x1d8 ./interrupts.o
 .debug_info    0x000008cc      0x170 ./lm3s6965_startup_ccs_gcc.o
 .debug_info    0x00000a3c      0x1b7 ./main.o
 .debug_info    0x00000bf3      0x10d ./system.o

.debug_abbrev   0x00000000      0x406
 .debug_abbrev  0x00000000      0x114 ./gpio.o
 .debug_abbrev  0x00000114       0xa7 ./interrupts.o
 .debug_abbrev  0x000001bb       0xbb ./lm3s6965_startup_ccs_gcc.o
 .debug_abbrev  0x00000276       0xf7 ./main.o
 .debug_abbrev  0x0000036d       0x99 ./system.o

.debug_aranges  0x00000000      0x190
 .debug_aranges
                0x00000000       0xb0 ./gpio.o
 .debug_aranges
                0x000000b0       0x50 ./interrupts.o
 .debug_aranges
                0x00000100       0x38 ./lm3s6965_startup_ccs_gcc.o
 .debug_aranges
                0x00000138       0x30 ./main.o
 .debug_aranges
                0x00000168       0x28 ./system.o

.debug_ranges   0x00000000      0x140
 .debug_ranges  0x00000000       0xa0 ./gpio.o
 .debug_ranges  0x000000a0       0x40 ./interrupts.o
 .debug_ranges  0x000000e0       0x28 ./lm3s6965_startup_ccs_gcc.o
 .debug_ranges  0x00000108       0x20 ./main.o
 .debug_ranges  0x00000128       0x18 ./system.o

.debug_line     0x00000000      0x4c2
 .debug_line    0x00000000      0x1be ./gpio.o
 .debug_line    0x000001be       0xbd ./interrupts.o
 .debug_line    0x0000027b      0x14e ./lm3s6965_startup_ccs_gcc.o
 .debug_line    0x000003c9       0x8a ./main.o
 .debug_line    0x00000453       0x6f ./system.o

.debug_str      0x00000000      0x5c3
 .debug_str     0x00000000      0x444 ./gpio.o
                                0x47c (size before relaxing)
 .debug_str     0x00000444       0x7e ./interrupts.o
                                0x1b8 (size before relaxing)
 .debug_str     0x000004c2       0xba ./lm3s6965_startup_ccs_gcc.o
                                0x216 (size before relaxing)
 .debug_str     0x0000057c       0x28 ./main.o
                                0x237 (size before relaxing)
 .debug_str     0x000005a4       0x1f ./system.o
                                0x199 (size before relaxing)

.debug_frame    0x00000000      0x498
 .debug_frame   0x00000000      0x194 ./gpio.o
 .debug_frame   0x00000194       0x9c ./interrupts.o
 .debug_frame   0x00000230       0x58 ./lm3s6965_startup_ccs_gcc.o
 .debug_frame   0x00000288       0x58 ./main.o
 .debug_frame   0x000002e0       0x34 ./system.o
 .debug_frame   0x00000314       0x28 c:/ti/ccsv6/tools/compiler/gcc-arm-none-eabi-4_8-2014q3/bin/../lib/gcc/arm-none-eabi/4.8.4/../../../../arm-none-eabi/lib/thumb\libc.a(lib_a-exit.o)
 .debug_frame   0x0000033c       0x2c c:/ti/ccsv6/tools/compiler/gcc-arm-none-eabi-4_8-2014q3/bin/../lib/gcc/arm-none-eabi/4.8.4/../../../../arm-none-eabi/lib/thumb\libc.a(lib_a-init.o)
 .debug_frame   0x00000368       0x30 c:/ti/ccsv6/tools/compiler/gcc-arm-none-eabi-4_8-2014q3/bin/../lib/gcc/arm-none-eabi/4.8.4/../../../../arm-none-eabi/lib/thumb\libc.a(lib_a-memset.o)
 .debug_frame   0x00000398       0x54 c:/ti/ccsv6/tools/compiler/gcc-arm-none-eabi-4_8-2014q3/bin/../lib/gcc/arm-none-eabi/4.8.4/../../../../arm-none-eabi/lib/thumb\libc.a(lib_a-__call_atexit.o)
 .debug_frame   0x000003ec       0x28 c:/ti/ccsv6/tools/compiler/gcc-arm-none-eabi-4_8-2014q3/bin/../lib/gcc/arm-none-eabi/4.8.4/../../../../arm-none-eabi/lib/thumb\libc.a(lib_a-atexit.o)
 .debug_frame   0x00000414       0x2c c:/ti/ccsv6/tools/compiler/gcc-arm-none-eabi-4_8-2014q3/bin/../lib/gcc/arm-none-eabi/4.8.4/../../../../arm-none-eabi/lib/thumb\libc.a(lib_a-fini.o)
 .debug_frame   0x00000440       0x38 c:/ti/ccsv6/tools/compiler/gcc-arm-none-eabi-4_8-2014q3/bin/../lib/gcc/arm-none-eabi/4.8.4/../../../../arm-none-eabi/lib/thumb\libc.a(lib_a-__atexit.o)
 .debug_frame   0x00000478       0x20 c:/ti/ccsv6/tools/compiler/gcc-arm-none-eabi-4_8-2014q3/bin/../lib/gcc/arm-none-eabi/4.8.4/../../../../arm-none-eabi/lib/thumb\libnosys.a(_exit.o)
