Archive member included because of file (symbol)

c:/ti/ccsv6/tools/compiler/gcc-arm-none-eabi-4_8-2014q3/bin/../lib/gcc/arm-none-eabi/4.8.4/../../../../arm-none-eabi/lib/thumb\libc.a(lib_a-exit.o)
                              c:/ti/ccsv6/tools/compiler/gcc-arm-none-eabi-4_8-2014q3/bin/../lib/gcc/arm-none-eabi/4.8.4/../../../../arm-none-eabi/lib/thumb/crt0.o (exit)
c:/ti/ccsv6/tools/compiler/gcc-arm-none-eabi-4_8-2014q3/bin/../lib/gcc/arm-none-eabi/4.8.4/../../../../arm-none-eabi/lib/thumb\libc.a(lib_a-impure.o)
                              c:/ti/ccsv6/tools/compiler/gcc-arm-none-eabi-4_8-2014q3/bin/../lib/gcc/arm-none-eabi/4.8.4/../../../../arm-none-eabi/lib/thumb\libc.a(lib_a-exit.o) (_global_impure_ptr)
c:/ti/ccsv6/tools/compiler/gcc-arm-none-eabi-4_8-2014q3/bin/../lib/gcc/arm-none-eabi/4.8.4/../../../../arm-none-eabi/lib/thumb\libc.a(lib_a-init.o)
                              c:/ti/ccsv6/tools/compiler/gcc-arm-none-eabi-4_8-2014q3/bin/../lib/gcc/arm-none-eabi/4.8.4/../../../../arm-none-eabi/lib/thumb/crt0.o (__libc_init_array)
c:/ti/ccsv6/tools/compiler/gcc-arm-none-eabi-4_8-2014q3/bin/../lib/gcc/arm-none-eabi/4.8.4/../../../../arm-none-eabi/lib/thumb\libc.a(lib_a-malloc.o)
                              ./task.o (malloc)
c:/ti/ccsv6/tools/compiler/gcc-arm-none-eabi-4_8-2014q3/bin/../lib/gcc/arm-none-eabi/4.8.4/../../../../arm-none-eabi/lib/thumb\libc.a(lib_a-mallocr.o)
                              c:/ti/ccsv6/tools/compiler/gcc-arm-none-eabi-4_8-2014q3/bin/../lib/gcc/arm-none-eabi/4.8.4/../../../../arm-none-eabi/lib/thumb\libc.a(lib_a-malloc.o) (_malloc_r)
c:/ti/ccsv6/tools/compiler/gcc-arm-none-eabi-4_8-2014q3/bin/../lib/gcc/arm-none-eabi/4.8.4/../../../../arm-none-eabi/lib/thumb\libc.a(lib_a-memset.o)
                              c:/ti/ccsv6/tools/compiler/gcc-arm-none-eabi-4_8-2014q3/bin/../lib/gcc/arm-none-eabi/4.8.4/../../../../arm-none-eabi/lib/thumb/crt0.o (memset)
c:/ti/ccsv6/tools/compiler/gcc-arm-none-eabi-4_8-2014q3/bin/../lib/gcc/arm-none-eabi/4.8.4/../../../../arm-none-eabi/lib/thumb\libc.a(lib_a-mlock.o)
                              c:/ti/ccsv6/tools/compiler/gcc-arm-none-eabi-4_8-2014q3/bin/../lib/gcc/arm-none-eabi/4.8.4/../../../../arm-none-eabi/lib/thumb\libc.a(lib_a-mallocr.o) (__malloc_lock)
c:/ti/ccsv6/tools/compiler/gcc-arm-none-eabi-4_8-2014q3/bin/../lib/gcc/arm-none-eabi/4.8.4/../../../../arm-none-eabi/lib/thumb\libc.a(lib_a-sbrkr.o)
                              c:/ti/ccsv6/tools/compiler/gcc-arm-none-eabi-4_8-2014q3/bin/../lib/gcc/arm-none-eabi/4.8.4/../../../../arm-none-eabi/lib/thumb\libc.a(lib_a-mallocr.o) (_sbrk_r)
c:/ti/ccsv6/tools/compiler/gcc-arm-none-eabi-4_8-2014q3/bin/../lib/gcc/arm-none-eabi/4.8.4/../../../../arm-none-eabi/lib/thumb\libc.a(lib_a-__call_atexit.o)
                              c:/ti/ccsv6/tools/compiler/gcc-arm-none-eabi-4_8-2014q3/bin/../lib/gcc/arm-none-eabi/4.8.4/../../../../arm-none-eabi/lib/thumb\libc.a(lib_a-exit.o) (__call_exitprocs)
c:/ti/ccsv6/tools/compiler/gcc-arm-none-eabi-4_8-2014q3/bin/../lib/gcc/arm-none-eabi/4.8.4/../../../../arm-none-eabi/lib/thumb\libc.a(lib_a-atexit.o)
                              c:/ti/ccsv6/tools/compiler/gcc-arm-none-eabi-4_8-2014q3/bin/../lib/gcc/arm-none-eabi/4.8.4/../../../../arm-none-eabi/lib/thumb\libc.a(lib_a-__call_atexit.o) (atexit)
c:/ti/ccsv6/tools/compiler/gcc-arm-none-eabi-4_8-2014q3/bin/../lib/gcc/arm-none-eabi/4.8.4/../../../../arm-none-eabi/lib/thumb\libc.a(lib_a-fini.o)
                              c:/ti/ccsv6/tools/compiler/gcc-arm-none-eabi-4_8-2014q3/bin/../lib/gcc/arm-none-eabi/4.8.4/../../../../arm-none-eabi/lib/thumb\libc.a(lib_a-__call_atexit.o) (__libc_fini_array)
c:/ti/ccsv6/tools/compiler/gcc-arm-none-eabi-4_8-2014q3/bin/../lib/gcc/arm-none-eabi/4.8.4/../../../../arm-none-eabi/lib/thumb\libc.a(lib_a-freer.o)
                              c:/ti/ccsv6/tools/compiler/gcc-arm-none-eabi-4_8-2014q3/bin/../lib/gcc/arm-none-eabi/4.8.4/../../../../arm-none-eabi/lib/thumb\libc.a(lib_a-malloc.o) (_free_r)
c:/ti/ccsv6/tools/compiler/gcc-arm-none-eabi-4_8-2014q3/bin/../lib/gcc/arm-none-eabi/4.8.4/../../../../arm-none-eabi/lib/thumb\libc.a(lib_a-reent.o)
                              c:/ti/ccsv6/tools/compiler/gcc-arm-none-eabi-4_8-2014q3/bin/../lib/gcc/arm-none-eabi/4.8.4/../../../../arm-none-eabi/lib/thumb\libc.a(lib_a-sbrkr.o) (errno)
c:/ti/ccsv6/tools/compiler/gcc-arm-none-eabi-4_8-2014q3/bin/../lib/gcc/arm-none-eabi/4.8.4/../../../../arm-none-eabi/lib/thumb\libc.a(lib_a-__atexit.o)
                              c:/ti/ccsv6/tools/compiler/gcc-arm-none-eabi-4_8-2014q3/bin/../lib/gcc/arm-none-eabi/4.8.4/../../../../arm-none-eabi/lib/thumb\libc.a(lib_a-atexit.o) (__register_exitproc)
c:/ti/ccsv6/tools/compiler/gcc-arm-none-eabi-4_8-2014q3/bin/../lib/gcc/arm-none-eabi/4.8.4/../../../../arm-none-eabi/lib/thumb\libnosys.a(sbrk.o)
                              c:/ti/ccsv6/tools/compiler/gcc-arm-none-eabi-4_8-2014q3/bin/../lib/gcc/arm-none-eabi/4.8.4/../../../../arm-none-eabi/lib/thumb\libc.a(lib_a-sbrkr.o) (_sbrk)
c:/ti/ccsv6/tools/compiler/gcc-arm-none-eabi-4_8-2014q3/bin/../lib/gcc/arm-none-eabi/4.8.4/../../../../arm-none-eabi/lib/thumb\libnosys.a(_exit.o)
                              c:/ti/ccsv6/tools/compiler/gcc-arm-none-eabi-4_8-2014q3/bin/../lib/gcc/arm-none-eabi/4.8.4/../../../../arm-none-eabi/lib/thumb\libc.a(lib_a-exit.o) (_exit)

Allocating common symbols
Common symbol       size              file

tasks               0xa0              ./main.o
errno               0x4               c:/ti/ccsv6/tools/compiler/gcc-arm-none-eabi-4_8-2014q3/bin/../lib/gcc/arm-none-eabi/4.8.4/../../../../arm-none-eabi/lib/thumb\libc.a(lib_a-reent.o)
running             0x4               ./task.o
st_regs             0x4               ./gpio.o
tid_ledoff          0x4               ./main.o
tid_ledon           0x4               ./main.o
task_list           0x2c              ./task.o

Memory Configuration

Name             Origin             Length             Attributes
FLASH            0x00000000         0x00040000         xr
SRAM             0x20000000         0x00010000         xw
*default*        0x00000000         0xffffffff

Linker script and memory map

LOAD c:/ti/ccsv6/tools/compiler/gcc-arm-none-eabi-4_8-2014q3/bin/../lib/gcc/arm-none-eabi/4.8.4/thumb/crti.o
LOAD c:/ti/ccsv6/tools/compiler/gcc-arm-none-eabi-4_8-2014q3/bin/../lib/gcc/arm-none-eabi/4.8.4/thumb/crtbegin.o
LOAD c:/ti/ccsv6/tools/compiler/gcc-arm-none-eabi-4_8-2014q3/bin/../lib/gcc/arm-none-eabi/4.8.4/../../../../arm-none-eabi/lib/thumb/crt0.o
LOAD ./gpio.o
LOAD ./interrupts.o
LOAD ./lm3s6965_startup_ccs_gcc.o
LOAD ./main.o
LOAD ./system.o
LOAD ./task.o
                0x00000000                PROVIDE (_intvecs_base_address, 0x0)

.isr_vector     0x00000000       0xf0
 *(.isr_vector)
 .isr_vector    0x00000000       0xf0 ./lm3s6965_startup_ccs_gcc.o
                0x00000000                g_pfnVectors
                0x20000000                PROVIDE (_vtable_base_address, 0x20000000)

.vtable
 *(.vtable)

.text           0x000000f0     0x171c
 CREATE_OBJECT_SYMBOLS
 *(.text)
 .text          0x000000f0        0x0 c:/ti/ccsv6/tools/compiler/gcc-arm-none-eabi-4_8-2014q3/bin/../lib/gcc/arm-none-eabi/4.8.4/thumb/crti.o
 .text          0x000000f0       0x6c c:/ti/ccsv6/tools/compiler/gcc-arm-none-eabi-4_8-2014q3/bin/../lib/gcc/arm-none-eabi/4.8.4/thumb/crtbegin.o
 .text          0x0000015c       0xfc c:/ti/ccsv6/tools/compiler/gcc-arm-none-eabi-4_8-2014q3/bin/../lib/gcc/arm-none-eabi/4.8.4/../../../../arm-none-eabi/lib/thumb/crt0.o
                0x0000015c                _start
                0x0000015c                _mainCRTStartup
                0x000001f4                __change_mode
                0x00000234                change_back
 .text          0x00000258        0x0 ./gpio.o
 .text          0x00000258        0x0 ./interrupts.o
 .text          0x00000258        0x0 ./lm3s6965_startup_ccs_gcc.o
 .text          0x00000258        0x0 ./main.o
 .text          0x00000258        0x0 ./system.o
 .text          0x00000258        0x0 ./task.o
 .text          0x00000258        0x0 c:/ti/ccsv6/tools/compiler/gcc-arm-none-eabi-4_8-2014q3/bin/../lib/gcc/arm-none-eabi/4.8.4/../../../../arm-none-eabi/lib/thumb\libc.a(lib_a-exit.o)
 .text          0x00000258        0x0 c:/ti/ccsv6/tools/compiler/gcc-arm-none-eabi-4_8-2014q3/bin/../lib/gcc/arm-none-eabi/4.8.4/../../../../arm-none-eabi/lib/thumb\libc.a(lib_a-impure.o)
 .text          0x00000258        0x0 c:/ti/ccsv6/tools/compiler/gcc-arm-none-eabi-4_8-2014q3/bin/../lib/gcc/arm-none-eabi/4.8.4/../../../../arm-none-eabi/lib/thumb\libc.a(lib_a-init.o)
 .text          0x00000258        0x0 c:/ti/ccsv6/tools/compiler/gcc-arm-none-eabi-4_8-2014q3/bin/../lib/gcc/arm-none-eabi/4.8.4/../../../../arm-none-eabi/lib/thumb\libc.a(lib_a-malloc.o)
 .text          0x00000258        0x0 c:/ti/ccsv6/tools/compiler/gcc-arm-none-eabi-4_8-2014q3/bin/../lib/gcc/arm-none-eabi/4.8.4/../../../../arm-none-eabi/lib/thumb\libc.a(lib_a-mallocr.o)
 .text          0x00000258        0x0 c:/ti/ccsv6/tools/compiler/gcc-arm-none-eabi-4_8-2014q3/bin/../lib/gcc/arm-none-eabi/4.8.4/../../../../arm-none-eabi/lib/thumb\libc.a(lib_a-memset.o)
 .text          0x00000258        0x0 c:/ti/ccsv6/tools/compiler/gcc-arm-none-eabi-4_8-2014q3/bin/../lib/gcc/arm-none-eabi/4.8.4/../../../../arm-none-eabi/lib/thumb\libc.a(lib_a-mlock.o)
 .text          0x00000258        0x0 c:/ti/ccsv6/tools/compiler/gcc-arm-none-eabi-4_8-2014q3/bin/../lib/gcc/arm-none-eabi/4.8.4/../../../../arm-none-eabi/lib/thumb\libc.a(lib_a-sbrkr.o)
 .text          0x00000258        0x0 c:/ti/ccsv6/tools/compiler/gcc-arm-none-eabi-4_8-2014q3/bin/../lib/gcc/arm-none-eabi/4.8.4/../../../../arm-none-eabi/lib/thumb\libc.a(lib_a-__call_atexit.o)
 .text          0x00000258        0x0 c:/ti/ccsv6/tools/compiler/gcc-arm-none-eabi-4_8-2014q3/bin/../lib/gcc/arm-none-eabi/4.8.4/../../../../arm-none-eabi/lib/thumb\libc.a(lib_a-atexit.o)
 .text          0x00000258        0x0 c:/ti/ccsv6/tools/compiler/gcc-arm-none-eabi-4_8-2014q3/bin/../lib/gcc/arm-none-eabi/4.8.4/../../../../arm-none-eabi/lib/thumb\libc.a(lib_a-fini.o)
 .text          0x00000258        0x0 c:/ti/ccsv6/tools/compiler/gcc-arm-none-eabi-4_8-2014q3/bin/../lib/gcc/arm-none-eabi/4.8.4/../../../../arm-none-eabi/lib/thumb\libc.a(lib_a-freer.o)
 .text          0x00000258        0x0 c:/ti/ccsv6/tools/compiler/gcc-arm-none-eabi-4_8-2014q3/bin/../lib/gcc/arm-none-eabi/4.8.4/../../../../arm-none-eabi/lib/thumb\libc.a(lib_a-reent.o)
 .text          0x00000258        0x0 c:/ti/ccsv6/tools/compiler/gcc-arm-none-eabi-4_8-2014q3/bin/../lib/gcc/arm-none-eabi/4.8.4/../../../../arm-none-eabi/lib/thumb\libc.a(lib_a-__atexit.o)
 .text          0x00000258        0x0 c:/ti/ccsv6/tools/compiler/gcc-arm-none-eabi-4_8-2014q3/bin/../lib/gcc/arm-none-eabi/4.8.4/../../../../arm-none-eabi/lib/thumb\libnosys.a(sbrk.o)
 .text          0x00000258        0x0 c:/ti/ccsv6/tools/compiler/gcc-arm-none-eabi-4_8-2014q3/bin/../lib/gcc/arm-none-eabi/4.8.4/../../../../arm-none-eabi/lib/thumb\libnosys.a(_exit.o)
 .text          0x00000258        0x0 c:/ti/ccsv6/tools/compiler/gcc-arm-none-eabi-4_8-2014q3/bin/../lib/gcc/arm-none-eabi/4.8.4/thumb/crtend.o
 .text          0x00000258        0x0 c:/ti/ccsv6/tools/compiler/gcc-arm-none-eabi-4_8-2014q3/bin/../lib/gcc/arm-none-eabi/4.8.4/thumb/crtn.o
 *(.text.*)
 .text.gpio_enable
                0x00000258       0x30 ./gpio.o
                0x00000258                gpio_enable
 .text.gpio_disable
                0x00000288       0x30 ./gpio.o
                0x00000288                gpio_disable
 .text.gpio_setPin
                0x000002b8       0x2c ./gpio.o
                0x000002b8                gpio_setPin
 .text.gpio_clearPin
                0x000002e4       0x2c ./gpio.o
                0x000002e4                gpio_clearPin
 .text.gpio_readPort
                0x00000310       0x24 ./gpio.o
                0x00000310                gpio_readPort
 .text.gpio_writePort
                0x00000334       0x28 ./gpio.o
                0x00000334                gpio_writePort
 .text.gpio_setPinOutput
                0x0000035c       0x38 ./gpio.o
                0x0000035c                gpio_setPinOutput
 .text.gpio_setPinInput
                0x00000394       0x3c ./gpio.o
                0x00000394                gpio_setPinInput
 .text.gpio_setPullUp
                0x000003d0       0x68 ./gpio.o
                0x000003d0                gpio_setPullUp
 .text.gpio_setPullDown
                0x00000438       0x68 ./gpio.o
                0x00000438                gpio_setPullDown
 .text.gpio_setIntSense
                0x000004a0       0x70 ./gpio.o
                0x000004a0                gpio_setIntSense
 .text.gpio_setIntEvent
                0x00000510       0x70 ./gpio.o
                0x00000510                gpio_setIntEvent
 .text.gpio_setIntBothEdges
                0x00000580       0x70 ./gpio.o
                0x00000580                gpio_setIntBothEdges
 .text.gpio_enableInt
                0x000005f0       0x38 ./gpio.o
                0x000005f0                gpio_enableInt
 .text.gpio_disableInt
                0x00000628       0x3c ./gpio.o
                0x00000628                gpio_disableInt
 .text.gpio_intStatus
                0x00000664       0x38 ./gpio.o
                0x00000664                gpio_intStatus
 .text.gpio_clearInt
                0x0000069c       0x38 ./gpio.o
                0x0000069c                gpio_clearInt
 .text.gpio_enableDigital
                0x000006d4       0x34 ./gpio.o
                0x000006d4                gpio_enableDigital
 .text.gpio_disableDigital
                0x00000708       0x38 ./gpio.o
                0x00000708                gpio_disableDigital
 .text.nvic_enable
                0x00000740       0x28 ./interrupts.o
                0x00000740                nvic_enable
 .text.nvic_disable
                0x00000768       0x28 ./interrupts.o
                0x00000768                nvic_disable
 .text.nvic_setPending
                0x00000790       0x28 ./interrupts.o
                0x00000790                nvic_setPending
 .text.nvic_clearPending
                0x000007b8       0x28 ./interrupts.o
                0x000007b8                nvic_clearPending
 .text.nvic_active
                0x000007e0       0x38 ./interrupts.o
                0x000007e0                nvic_active
 .text.nvic_getPriority
                0x00000818       0x30 ./interrupts.o
                0x00000818                nvic_getPriority
 .text.nvic_setPriority
                0x00000848       0x64 ./interrupts.o
                0x00000848                nvic_setPriority
 .text.ResetISR
                0x000008ac       0x58 ./lm3s6965_startup_ccs_gcc.o
                0x000008ac                ResetISR
 .text.NmiSR    0x00000904        0x4 ./lm3s6965_startup_ccs_gcc.o
 .text.FaultISR
                0x00000908        0x4 ./lm3s6965_startup_ccs_gcc.o
 .text.IntDefaultHandler
                0x0000090c        0x4 ./lm3s6965_startup_ccs_gcc.o
                0x0000090c                PortC_INT
                0x0000090c                PortD_INT
                0x0000090c                PortB_INT
                0x0000090c                PortE_INT
                0x0000090c                SysTick_INT
                0x0000090c                PortA_INT
                0x0000090c                PortH_INT
                0x0000090c                PortG_INT
 .text.task_ledon
                0x00000910       0x28 ./main.o
                0x00000910                task_ledon
 .text.task_ledoff
                0x00000938       0x28 ./main.o
                0x00000938                task_ledoff
 .text.PortF_INT
                0x00000960       0x44 ./main.o
                0x00000960                PortF_INT
 .text.main     0x000009a4       0x54 ./main.o
                0x000009a4                main
 .text.delay    0x000009f8       0x14 ./system.o
                0x000009f8                delay
 .text.delay2   0x00000a0c       0x28 ./system.o
                0x00000a0c                delay2
 .text.task_init
                0x00000a34       0x58 ./task.o
                0x00000a34                task_init
 .text.task_create
                0x00000a8c       0x94 ./task.o
                0x00000a8c                task_create
 .text.task_suspend
                0x00000b20        0x4 ./task.o
                0x00000b20                task_suspend
 .text.task_resume
                0x00000b24        0x8 ./task.o
                0x00000b24                task_resume
 .text.task_join
                0x00000b2c       0x10 ./task.o
                0x00000b2c                task_join
 .text.task_finish
                0x00000b3c        0x8 ./task.o
                0x00000b3c                task_finish
 .text.task_yield
                0x00000b44        0x4 ./task.o
                0x00000b44                task_yield
 .text.task_pass
                0x00000b48       0x48 ./task.o
                0x00000b48                task_pass
 .text.task_id  0x00000b90       0x10 ./task.o
                0x00000b90                task_id
 .text.reschedule
                0x00000ba0        0x4 ./task.o
                0x00000ba0                reschedule
 .text.pauseScheduler
                0x00000ba4        0x4 ./task.o
                0x00000ba4                pauseScheduler
 .text.resumeScheduler
                0x00000ba8       0x14 ./task.o
                0x00000ba8                resumeScheduler
                0x00000baa                switch_context
 .text.exit     0x00000bbc       0x28 c:/ti/ccsv6/tools/compiler/gcc-arm-none-eabi-4_8-2014q3/bin/../lib/gcc/arm-none-eabi/4.8.4/../../../../arm-none-eabi/lib/thumb\libc.a(lib_a-exit.o)
                0x00000bbc                exit
 .text.__libc_init_array
                0x00000be4       0x58 c:/ti/ccsv6/tools/compiler/gcc-arm-none-eabi-4_8-2014q3/bin/../lib/gcc/arm-none-eabi/4.8.4/../../../../arm-none-eabi/lib/thumb\libc.a(lib_a-init.o)
                0x00000be4                __libc_init_array
 .text.malloc   0x00000c3c       0x18 c:/ti/ccsv6/tools/compiler/gcc-arm-none-eabi-4_8-2014q3/bin/../lib/gcc/arm-none-eabi/4.8.4/../../../../arm-none-eabi/lib/thumb\libc.a(lib_a-malloc.o)
                0x00000c3c                malloc
 .text.free     0x00000c54       0x18 c:/ti/ccsv6/tools/compiler/gcc-arm-none-eabi-4_8-2014q3/bin/../lib/gcc/arm-none-eabi/4.8.4/../../../../arm-none-eabi/lib/thumb\libc.a(lib_a-malloc.o)
                0x00000c54                free
 .text._malloc_r
                0x00000c6c      0x518 c:/ti/ccsv6/tools/compiler/gcc-arm-none-eabi-4_8-2014q3/bin/../lib/gcc/arm-none-eabi/4.8.4/../../../../arm-none-eabi/lib/thumb\libc.a(lib_a-mallocr.o)
                0x00000c6c                _malloc_r
 .text.memset   0x00001184       0xa4 c:/ti/ccsv6/tools/compiler/gcc-arm-none-eabi-4_8-2014q3/bin/../lib/gcc/arm-none-eabi/4.8.4/../../../../arm-none-eabi/lib/thumb\libc.a(lib_a-memset.o)
                0x00001184                memset
 .text.__malloc_lock
                0x00001228        0x4 c:/ti/ccsv6/tools/compiler/gcc-arm-none-eabi-4_8-2014q3/bin/../lib/gcc/arm-none-eabi/4.8.4/../../../../arm-none-eabi/lib/thumb\libc.a(lib_a-mlock.o)
                0x00001228                __malloc_lock
 .text.__malloc_unlock
                0x0000122c        0x4 c:/ti/ccsv6/tools/compiler/gcc-arm-none-eabi-4_8-2014q3/bin/../lib/gcc/arm-none-eabi/4.8.4/../../../../arm-none-eabi/lib/thumb\libc.a(lib_a-mlock.o)
                0x0000122c                __malloc_unlock
 .text._sbrk_r  0x00001230       0x28 c:/ti/ccsv6/tools/compiler/gcc-arm-none-eabi-4_8-2014q3/bin/../lib/gcc/arm-none-eabi/4.8.4/../../../../arm-none-eabi/lib/thumb\libc.a(lib_a-sbrkr.o)
                0x00001230                _sbrk_r
 .text.startup.register_fini
                0x00001258       0x1c c:/ti/ccsv6/tools/compiler/gcc-arm-none-eabi-4_8-2014q3/bin/../lib/gcc/arm-none-eabi/4.8.4/../../../../arm-none-eabi/lib/thumb\libc.a(lib_a-__call_atexit.o)
 .text.__call_exitprocs
                0x00001274      0x128 c:/ti/ccsv6/tools/compiler/gcc-arm-none-eabi-4_8-2014q3/bin/../lib/gcc/arm-none-eabi/4.8.4/../../../../arm-none-eabi/lib/thumb\libc.a(lib_a-__call_atexit.o)
                0x00001274                __call_exitprocs
 .text.atexit   0x0000139c       0x14 c:/ti/ccsv6/tools/compiler/gcc-arm-none-eabi-4_8-2014q3/bin/../lib/gcc/arm-none-eabi/4.8.4/../../../../arm-none-eabi/lib/thumb\libc.a(lib_a-atexit.o)
                0x0000139c                atexit
 .text.__libc_fini_array
                0x000013b0       0x38 c:/ti/ccsv6/tools/compiler/gcc-arm-none-eabi-4_8-2014q3/bin/../lib/gcc/arm-none-eabi/4.8.4/../../../../arm-none-eabi/lib/thumb\libc.a(lib_a-fini.o)
                0x000013b0                __libc_fini_array
 .text._malloc_trim_r
                0x000013e8       0xa4 c:/ti/ccsv6/tools/compiler/gcc-arm-none-eabi-4_8-2014q3/bin/../lib/gcc/arm-none-eabi/4.8.4/../../../../arm-none-eabi/lib/thumb\libc.a(lib_a-freer.o)
                0x000013e8                _malloc_trim_r
 .text._free_r  0x0000148c      0x194 c:/ti/ccsv6/tools/compiler/gcc-arm-none-eabi-4_8-2014q3/bin/../lib/gcc/arm-none-eabi/4.8.4/../../../../arm-none-eabi/lib/thumb\libc.a(lib_a-freer.o)
                0x0000148c                _free_r
 .text.cleanup_glue
                0x00001620       0x20 c:/ti/ccsv6/tools/compiler/gcc-arm-none-eabi-4_8-2014q3/bin/../lib/gcc/arm-none-eabi/4.8.4/../../../../arm-none-eabi/lib/thumb\libc.a(lib_a-reent.o)
                0x00001620                cleanup_glue
 .text._reclaim_reent
                0x00001640       0xac c:/ti/ccsv6/tools/compiler/gcc-arm-none-eabi-4_8-2014q3/bin/../lib/gcc/arm-none-eabi/4.8.4/../../../../arm-none-eabi/lib/thumb\libc.a(lib_a-reent.o)
                0x00001640                _reclaim_reent
 .text.__register_exitproc
                0x000016ec       0xc4 c:/ti/ccsv6/tools/compiler/gcc-arm-none-eabi-4_8-2014q3/bin/../lib/gcc/arm-none-eabi/4.8.4/../../../../arm-none-eabi/lib/thumb\libc.a(lib_a-__atexit.o)
                0x000016ec                __register_exitproc
 .text._sbrk    0x000017b0       0x34 c:/ti/ccsv6/tools/compiler/gcc-arm-none-eabi-4_8-2014q3/bin/../lib/gcc/arm-none-eabi/4.8.4/../../../../arm-none-eabi/lib/thumb\libnosys.a(sbrk.o)
                0x000017b0                _sbrk
 .text._exit    0x000017e4        0x4 c:/ti/ccsv6/tools/compiler/gcc-arm-none-eabi-4_8-2014q3/bin/../lib/gcc/arm-none-eabi/4.8.4/../../../../arm-none-eabi/lib/thumb\libnosys.a(_exit.o)
                0x000017e4                _exit
                0x000017e8                . = ALIGN (0x4)
 *(.ctors)
                0x000017e8                . = ALIGN (0x4)
 *(.dtors)
                0x000017e8                . = ALIGN (0x4)
                0x000017e8                __init_array_start = .
 *(.init_array*)
 .init_array    0x000017e8        0x4 c:/ti/ccsv6/tools/compiler/gcc-arm-none-eabi-4_8-2014q3/bin/../lib/gcc/arm-none-eabi/4.8.4/thumb/crtbegin.o
 .init_array.00000
                0x000017ec        0x4 c:/ti/ccsv6/tools/compiler/gcc-arm-none-eabi-4_8-2014q3/bin/../lib/gcc/arm-none-eabi/4.8.4/../../../../arm-none-eabi/lib/thumb\libc.a(lib_a-__call_atexit.o)
                0x000017f0                __init_array_end = .
 *(.init)
 .init          0x000017f0        0x4 c:/ti/ccsv6/tools/compiler/gcc-arm-none-eabi-4_8-2014q3/bin/../lib/gcc/arm-none-eabi/4.8.4/thumb/crti.o
                0x000017f0                _init
 .init          0x000017f4        0x8 c:/ti/ccsv6/tools/compiler/gcc-arm-none-eabi-4_8-2014q3/bin/../lib/gcc/arm-none-eabi/4.8.4/thumb/crtn.o
 *(.fini*)
 .fini          0x000017fc        0x4 c:/ti/ccsv6/tools/compiler/gcc-arm-none-eabi-4_8-2014q3/bin/../lib/gcc/arm-none-eabi/4.8.4/thumb/crti.o
                0x000017fc                _fini
 .fini_array    0x00001800        0x4 c:/ti/ccsv6/tools/compiler/gcc-arm-none-eabi-4_8-2014q3/bin/../lib/gcc/arm-none-eabi/4.8.4/thumb/crtbegin.o
 .fini          0x00001804        0x8 c:/ti/ccsv6/tools/compiler/gcc-arm-none-eabi-4_8-2014q3/bin/../lib/gcc/arm-none-eabi/4.8.4/thumb/crtn.o
                0x0000180c                PROVIDE (__etext, .)
                0x0000180c                PROVIDE (_etext, .)
                0x0000180c                PROVIDE (etext, .)

.glue_7         0x0000180c        0x0
 .glue_7        0x00000000        0x0 linker stubs

.glue_7t        0x0000180c        0x0
 .glue_7t       0x00000000        0x0 linker stubs

.vfp11_veneer   0x0000180c        0x0
 .vfp11_veneer  0x00000000        0x0 linker stubs

.v4_bx          0x0000180c        0x0
 .v4_bx         0x00000000        0x0 linker stubs

.iplt           0x0000180c        0x0
 .iplt          0x00000000        0x0 c:/ti/ccsv6/tools/compiler/gcc-arm-none-eabi-4_8-2014q3/bin/../lib/gcc/arm-none-eabi/4.8.4/thumb/crtbegin.o

.rodata         0x0000180c        0x8
 *(.rodata)
 *(.rodata*)
 .rodata.str1.4
                0x0000180c        0x4 c:/ti/ccsv6/tools/compiler/gcc-arm-none-eabi-4_8-2014q3/bin/../lib/gcc/arm-none-eabi/4.8.4/../../../../arm-none-eabi/lib/thumb\libc.a(lib_a-impure.o)
 .rodata._global_impure_ptr
                0x00001810        0x4 c:/ti/ccsv6/tools/compiler/gcc-arm-none-eabi-4_8-2014q3/bin/../lib/gcc/arm-none-eabi/4.8.4/../../../../arm-none-eabi/lib/thumb\libc.a(lib_a-impure.o)
                0x00001810                _global_impure_ptr

.eh_frame       0x00001814        0x4
 .eh_frame      0x00001814        0x0 c:/ti/ccsv6/tools/compiler/gcc-arm-none-eabi-4_8-2014q3/bin/../lib/gcc/arm-none-eabi/4.8.4/thumb/crtbegin.o
 .eh_frame      0x00001814        0x4 c:/ti/ccsv6/tools/compiler/gcc-arm-none-eabi-4_8-2014q3/bin/../lib/gcc/arm-none-eabi/4.8.4/thumb/crtend.o

.data           0x20000000      0x87c load address 0x00001818
                0x00001818                __data_load__ = LOADADDR (.data)
                0x20000000                __data_start__ = .
 *(.data)
 .data          0x20000000        0x0 c:/ti/ccsv6/tools/compiler/gcc-arm-none-eabi-4_8-2014q3/bin/../lib/gcc/arm-none-eabi/4.8.4/thumb/crti.o
 .data          0x20000000        0x4 c:/ti/ccsv6/tools/compiler/gcc-arm-none-eabi-4_8-2014q3/bin/../lib/gcc/arm-none-eabi/4.8.4/thumb/crtbegin.o
                0x20000000                __dso_handle
 .data          0x20000004        0x0 c:/ti/ccsv6/tools/compiler/gcc-arm-none-eabi-4_8-2014q3/bin/../lib/gcc/arm-none-eabi/4.8.4/../../../../arm-none-eabi/lib/thumb/crt0.o
 .data          0x20000004        0x0 ./gpio.o
 .data          0x20000004        0x0 ./interrupts.o
 .data          0x20000004        0x0 ./lm3s6965_startup_ccs_gcc.o
 .data          0x20000004        0x0 ./main.o
 .data          0x20000004        0x0 ./system.o
 .data          0x20000004        0x0 ./task.o
 .data          0x20000004        0x0 c:/ti/ccsv6/tools/compiler/gcc-arm-none-eabi-4_8-2014q3/bin/../lib/gcc/arm-none-eabi/4.8.4/../../../../arm-none-eabi/lib/thumb\libc.a(lib_a-exit.o)
 .data          0x20000004        0x0 c:/ti/ccsv6/tools/compiler/gcc-arm-none-eabi-4_8-2014q3/bin/../lib/gcc/arm-none-eabi/4.8.4/../../../../arm-none-eabi/lib/thumb\libc.a(lib_a-impure.o)
 .data          0x20000004        0x0 c:/ti/ccsv6/tools/compiler/gcc-arm-none-eabi-4_8-2014q3/bin/../lib/gcc/arm-none-eabi/4.8.4/../../../../arm-none-eabi/lib/thumb\libc.a(lib_a-init.o)
 .data          0x20000004        0x0 c:/ti/ccsv6/tools/compiler/gcc-arm-none-eabi-4_8-2014q3/bin/../lib/gcc/arm-none-eabi/4.8.4/../../../../arm-none-eabi/lib/thumb\libc.a(lib_a-malloc.o)
 .data          0x20000004        0x0 c:/ti/ccsv6/tools/compiler/gcc-arm-none-eabi-4_8-2014q3/bin/../lib/gcc/arm-none-eabi/4.8.4/../../../../arm-none-eabi/lib/thumb\libc.a(lib_a-mallocr.o)
 .data          0x20000004        0x0 c:/ti/ccsv6/tools/compiler/gcc-arm-none-eabi-4_8-2014q3/bin/../lib/gcc/arm-none-eabi/4.8.4/../../../../arm-none-eabi/lib/thumb\libc.a(lib_a-memset.o)
 .data          0x20000004        0x0 c:/ti/ccsv6/tools/compiler/gcc-arm-none-eabi-4_8-2014q3/bin/../lib/gcc/arm-none-eabi/4.8.4/../../../../arm-none-eabi/lib/thumb\libc.a(lib_a-mlock.o)
 .data          0x20000004        0x0 c:/ti/ccsv6/tools/compiler/gcc-arm-none-eabi-4_8-2014q3/bin/../lib/gcc/arm-none-eabi/4.8.4/../../../../arm-none-eabi/lib/thumb\libc.a(lib_a-sbrkr.o)
 .data          0x20000004        0x0 c:/ti/ccsv6/tools/compiler/gcc-arm-none-eabi-4_8-2014q3/bin/../lib/gcc/arm-none-eabi/4.8.4/../../../../arm-none-eabi/lib/thumb\libc.a(lib_a-__call_atexit.o)
 .data          0x20000004        0x0 c:/ti/ccsv6/tools/compiler/gcc-arm-none-eabi-4_8-2014q3/bin/../lib/gcc/arm-none-eabi/4.8.4/../../../../arm-none-eabi/lib/thumb\libc.a(lib_a-atexit.o)
 .data          0x20000004        0x0 c:/ti/ccsv6/tools/compiler/gcc-arm-none-eabi-4_8-2014q3/bin/../lib/gcc/arm-none-eabi/4.8.4/../../../../arm-none-eabi/lib/thumb\libc.a(lib_a-fini.o)
 .data          0x20000004        0x0 c:/ti/ccsv6/tools/compiler/gcc-arm-none-eabi-4_8-2014q3/bin/../lib/gcc/arm-none-eabi/4.8.4/../../../../arm-none-eabi/lib/thumb\libc.a(lib_a-freer.o)
 .data          0x20000004        0x0 c:/ti/ccsv6/tools/compiler/gcc-arm-none-eabi-4_8-2014q3/bin/../lib/gcc/arm-none-eabi/4.8.4/../../../../arm-none-eabi/lib/thumb\libc.a(lib_a-reent.o)
 .data          0x20000004        0x0 c:/ti/ccsv6/tools/compiler/gcc-arm-none-eabi-4_8-2014q3/bin/../lib/gcc/arm-none-eabi/4.8.4/../../../../arm-none-eabi/lib/thumb\libc.a(lib_a-__atexit.o)
 .data          0x20000004        0x0 c:/ti/ccsv6/tools/compiler/gcc-arm-none-eabi-4_8-2014q3/bin/../lib/gcc/arm-none-eabi/4.8.4/../../../../arm-none-eabi/lib/thumb\libnosys.a(sbrk.o)
 .data          0x20000004        0x0 c:/ti/ccsv6/tools/compiler/gcc-arm-none-eabi-4_8-2014q3/bin/../lib/gcc/arm-none-eabi/4.8.4/../../../../arm-none-eabi/lib/thumb\libnosys.a(_exit.o)
 .data          0x20000004        0x0 c:/ti/ccsv6/tools/compiler/gcc-arm-none-eabi-4_8-2014q3/bin/../lib/gcc/arm-none-eabi/4.8.4/thumb/crtend.o
 .data          0x20000004        0x0 c:/ti/ccsv6/tools/compiler/gcc-arm-none-eabi-4_8-2014q3/bin/../lib/gcc/arm-none-eabi/4.8.4/thumb/crtn.o
 *(.data*)
 .data.gpio_regs
                0x20000004       0x1c ./gpio.o
                0x20000004                gpio_regs
 .data.gpio_padctrl
                0x20000020       0x1c ./gpio.o
                0x20000020                gpio_padctrl
 *fill*         0x2000003c        0x4 
 .data.impure_data
                0x20000040      0x428 c:/ti/ccsv6/tools/compiler/gcc-arm-none-eabi-4_8-2014q3/bin/../lib/gcc/arm-none-eabi/4.8.4/../../../../arm-none-eabi/lib/thumb\libc.a(lib_a-impure.o)
 .data._impure_ptr
                0x20000468        0x4 c:/ti/ccsv6/tools/compiler/gcc-arm-none-eabi-4_8-2014q3/bin/../lib/gcc/arm-none-eabi/4.8.4/../../../../arm-none-eabi/lib/thumb\libc.a(lib_a-impure.o)
                0x20000468                _impure_ptr
 .data.__malloc_av_
                0x2000046c      0x408 c:/ti/ccsv6/tools/compiler/gcc-arm-none-eabi-4_8-2014q3/bin/../lib/gcc/arm-none-eabi/4.8.4/../../../../arm-none-eabi/lib/thumb\libc.a(lib_a-mallocr.o)
                0x2000046c                __malloc_av_
 .data.__malloc_trim_threshold
                0x20000874        0x4 c:/ti/ccsv6/tools/compiler/gcc-arm-none-eabi-4_8-2014q3/bin/../lib/gcc/arm-none-eabi/4.8.4/../../../../arm-none-eabi/lib/thumb\libc.a(lib_a-mallocr.o)
                0x20000874                __malloc_trim_threshold
 .data.__malloc_sbrk_base
                0x20000878        0x4 c:/ti/ccsv6/tools/compiler/gcc-arm-none-eabi-4_8-2014q3/bin/../lib/gcc/arm-none-eabi/4.8.4/../../../../arm-none-eabi/lib/thumb\libc.a(lib_a-mallocr.o)
                0x20000878                __malloc_sbrk_base
                0x2000087c                . = ALIGN (0x4)
                0x2000087c                __data_end__ = .

.jcr            0x2000087c        0x4 load address 0x00002094
 .jcr           0x2000087c        0x0 c:/ti/ccsv6/tools/compiler/gcc-arm-none-eabi-4_8-2014q3/bin/../lib/gcc/arm-none-eabi/4.8.4/thumb/crtbegin.o
 .jcr           0x2000087c        0x4 c:/ti/ccsv6/tools/compiler/gcc-arm-none-eabi-4_8-2014q3/bin/../lib/gcc/arm-none-eabi/4.8.4/thumb/crtend.o

.igot.plt       0x20000880        0x0 load address 0x00002098
 .igot.plt      0x00000000        0x0 c:/ti/ccsv6/tools/compiler/gcc-arm-none-eabi-4_8-2014q3/bin/../lib/gcc/arm-none-eabi/4.8.4/thumb/crtbegin.o

.ARM.exidx      0x00002098        0x8
                0x00002098                __exidx_start = .
 *(.ARM.exidx* .gnu.linkonce.armexidx.*)
 .ARM.exidx     0x00002098        0x8 c:/ti/ccsv6/tools/compiler/gcc-arm-none-eabi-4_8-2014q3/bin/../lib/gcc/arm-none-eabi/4.8.4/../../../../arm-none-eabi/lib/thumb/crt0.o
                0x000020a0                __exidx_end = .

.ARM.extab      0x000020a0        0x0
 *(.ARM.extab* .gnu.linkonce.armextab.*)
 .ARM.extab     0x000020a0        0x0 c:/ti/ccsv6/tools/compiler/gcc-arm-none-eabi-4_8-2014q3/bin/../lib/gcc/arm-none-eabi/4.8.4/../../../../arm-none-eabi/lib/thumb/crt0.o

.rel.dyn        0x000020a0        0x0
 .rel.iplt      0x00000000        0x0 c:/ti/ccsv6/tools/compiler/gcc-arm-none-eabi-4_8-2014q3/bin/../lib/gcc/arm-none-eabi/4.8.4/thumb/crtbegin.o

.bss            0x20000880      0x33c
                0x20000880                __bss_start__ = .
 *(.shbss)
 *(.bss)
 .bss           0x20000880        0x0 c:/ti/ccsv6/tools/compiler/gcc-arm-none-eabi-4_8-2014q3/bin/../lib/gcc/arm-none-eabi/4.8.4/thumb/crti.o
 .bss           0x20000880       0x1c c:/ti/ccsv6/tools/compiler/gcc-arm-none-eabi-4_8-2014q3/bin/../lib/gcc/arm-none-eabi/4.8.4/thumb/crtbegin.o
 .bss           0x2000089c        0x0 c:/ti/ccsv6/tools/compiler/gcc-arm-none-eabi-4_8-2014q3/bin/../lib/gcc/arm-none-eabi/4.8.4/../../../../arm-none-eabi/lib/thumb/crt0.o
 .bss           0x2000089c        0x0 ./gpio.o
 .bss           0x2000089c        0x0 ./interrupts.o
 .bss           0x2000089c        0x0 ./lm3s6965_startup_ccs_gcc.o
 .bss           0x2000089c        0x0 ./main.o
 .bss           0x2000089c        0x0 ./system.o
 .bss           0x2000089c        0x0 ./task.o
 .bss           0x2000089c        0x0 c:/ti/ccsv6/tools/compiler/gcc-arm-none-eabi-4_8-2014q3/bin/../lib/gcc/arm-none-eabi/4.8.4/../../../../arm-none-eabi/lib/thumb\libc.a(lib_a-exit.o)
 .bss           0x2000089c        0x0 c:/ti/ccsv6/tools/compiler/gcc-arm-none-eabi-4_8-2014q3/bin/../lib/gcc/arm-none-eabi/4.8.4/../../../../arm-none-eabi/lib/thumb\libc.a(lib_a-impure.o)
 .bss           0x2000089c        0x0 c:/ti/ccsv6/tools/compiler/gcc-arm-none-eabi-4_8-2014q3/bin/../lib/gcc/arm-none-eabi/4.8.4/../../../../arm-none-eabi/lib/thumb\libc.a(lib_a-init.o)
 .bss           0x2000089c        0x0 c:/ti/ccsv6/tools/compiler/gcc-arm-none-eabi-4_8-2014q3/bin/../lib/gcc/arm-none-eabi/4.8.4/../../../../arm-none-eabi/lib/thumb\libc.a(lib_a-malloc.o)
 .bss           0x2000089c        0x0 c:/ti/ccsv6/tools/compiler/gcc-arm-none-eabi-4_8-2014q3/bin/../lib/gcc/arm-none-eabi/4.8.4/../../../../arm-none-eabi/lib/thumb\libc.a(lib_a-mallocr.o)
 .bss           0x2000089c        0x0 c:/ti/ccsv6/tools/compiler/gcc-arm-none-eabi-4_8-2014q3/bin/../lib/gcc/arm-none-eabi/4.8.4/../../../../arm-none-eabi/lib/thumb\libc.a(lib_a-memset.o)
 .bss           0x2000089c        0x0 c:/ti/ccsv6/tools/compiler/gcc-arm-none-eabi-4_8-2014q3/bin/../lib/gcc/arm-none-eabi/4.8.4/../../../../arm-none-eabi/lib/thumb\libc.a(lib_a-mlock.o)
 .bss           0x2000089c        0x0 c:/ti/ccsv6/tools/compiler/gcc-arm-none-eabi-4_8-2014q3/bin/../lib/gcc/arm-none-eabi/4.8.4/../../../../arm-none-eabi/lib/thumb\libc.a(lib_a-sbrkr.o)
 .bss           0x2000089c        0x0 c:/ti/ccsv6/tools/compiler/gcc-arm-none-eabi-4_8-2014q3/bin/../lib/gcc/arm-none-eabi/4.8.4/../../../../arm-none-eabi/lib/thumb\libc.a(lib_a-__call_atexit.o)
 .bss           0x2000089c        0x0 c:/ti/ccsv6/tools/compiler/gcc-arm-none-eabi-4_8-2014q3/bin/../lib/gcc/arm-none-eabi/4.8.4/../../../../arm-none-eabi/lib/thumb\libc.a(lib_a-atexit.o)
 .bss           0x2000089c        0x0 c:/ti/ccsv6/tools/compiler/gcc-arm-none-eabi-4_8-2014q3/bin/../lib/gcc/arm-none-eabi/4.8.4/../../../../arm-none-eabi/lib/thumb\libc.a(lib_a-fini.o)
 .bss           0x2000089c        0x0 c:/ti/ccsv6/tools/compiler/gcc-arm-none-eabi-4_8-2014q3/bin/../lib/gcc/arm-none-eabi/4.8.4/../../../../arm-none-eabi/lib/thumb\libc.a(lib_a-freer.o)
 .bss           0x2000089c        0x0 c:/ti/ccsv6/tools/compiler/gcc-arm-none-eabi-4_8-2014q3/bin/../lib/gcc/arm-none-eabi/4.8.4/../../../../arm-none-eabi/lib/thumb\libc.a(lib_a-reent.o)
 .bss           0x2000089c        0x0 c:/ti/ccsv6/tools/compiler/gcc-arm-none-eabi-4_8-2014q3/bin/../lib/gcc/arm-none-eabi/4.8.4/../../../../arm-none-eabi/lib/thumb\libc.a(lib_a-__atexit.o)
 .bss           0x2000089c        0x0 c:/ti/ccsv6/tools/compiler/gcc-arm-none-eabi-4_8-2014q3/bin/../lib/gcc/arm-none-eabi/4.8.4/../../../../arm-none-eabi/lib/thumb\libnosys.a(sbrk.o)
 .bss           0x2000089c        0x0 c:/ti/ccsv6/tools/compiler/gcc-arm-none-eabi-4_8-2014q3/bin/../lib/gcc/arm-none-eabi/4.8.4/../../../../arm-none-eabi/lib/thumb\libnosys.a(_exit.o)
 .bss           0x2000089c        0x0 c:/ti/ccsv6/tools/compiler/gcc-arm-none-eabi-4_8-2014q3/bin/../lib/gcc/arm-none-eabi/4.8.4/thumb/crtend.o
 .bss           0x2000089c        0x0 c:/ti/ccsv6/tools/compiler/gcc-arm-none-eabi-4_8-2014q3/bin/../lib/gcc/arm-none-eabi/4.8.4/thumb/crtn.o
 *(.bss.*)
 .bss.pui32Stack
                0x2000089c      0x200 ./lm3s6965_startup_ccs_gcc.o
 .bss.turn      0x20000a9c        0x4 ./main.o
                0x20000a9c                turn
 .bss.num_tasks
                0x20000aa0        0x1 ./task.o
                0x20000aa0                num_tasks
 *fill*         0x20000aa1        0x3 
 .bss.__malloc_max_total_mem
                0x20000aa4        0x4 c:/ti/ccsv6/tools/compiler/gcc-arm-none-eabi-4_8-2014q3/bin/../lib/gcc/arm-none-eabi/4.8.4/../../../../arm-none-eabi/lib/thumb\libc.a(lib_a-mallocr.o)
                0x20000aa4                __malloc_max_total_mem
 .bss.__malloc_max_sbrked_mem
                0x20000aa8        0x4 c:/ti/ccsv6/tools/compiler/gcc-arm-none-eabi-4_8-2014q3/bin/../lib/gcc/arm-none-eabi/4.8.4/../../../../arm-none-eabi/lib/thumb\libc.a(lib_a-mallocr.o)
                0x20000aa8                __malloc_max_sbrked_mem
 .bss.__malloc_top_pad
                0x20000aac        0x4 c:/ti/ccsv6/tools/compiler/gcc-arm-none-eabi-4_8-2014q3/bin/../lib/gcc/arm-none-eabi/4.8.4/../../../../arm-none-eabi/lib/thumb\libc.a(lib_a-mallocr.o)
                0x20000aac                __malloc_top_pad
 .bss.__malloc_current_mallinfo
                0x20000ab0       0x28 c:/ti/ccsv6/tools/compiler/gcc-arm-none-eabi-4_8-2014q3/bin/../lib/gcc/arm-none-eabi/4.8.4/../../../../arm-none-eabi/lib/thumb\libc.a(lib_a-mallocr.o)
                0x20000ab0                __malloc_current_mallinfo
 .bss.heap_end.4246
                0x20000ad8        0x4 c:/ti/ccsv6/tools/compiler/gcc-arm-none-eabi-4_8-2014q3/bin/../lib/gcc/arm-none-eabi/4.8.4/../../../../arm-none-eabi/lib/thumb\libnosys.a(sbrk.o)
 *(COMMON)
 COMMON         0x20000adc        0x4 ./gpio.o
                0x20000adc                st_regs
 COMMON         0x20000ae0       0xa8 ./main.o
                0x20000ae0                tasks
                0x20000b80                tid_ledoff
                0x20000b84                tid_ledon
 COMMON         0x20000b88       0x30 ./task.o
                0x20000b88                running
                0x20000b8c                task_list
 COMMON         0x20000bb8        0x4 c:/ti/ccsv6/tools/compiler/gcc-arm-none-eabi-4_8-2014q3/bin/../lib/gcc/arm-none-eabi/4.8.4/../../../../arm-none-eabi/lib/thumb\libc.a(lib_a-reent.o)
                0x20000bb8                errno
                0x20000bbc                . = ALIGN (0x4)
                0x20000bbc                __bss_end__ = .

.heap           0x20000bbc        0x0
                0x20000bbc                __heap_start__ = .
                0x20000bbc                end = __heap_start__
                0x20000bbc                _end = end
                0x20000bbc                __end = end
 *(.heap)
                0x20000bbc                __heap_end__ = .
                0x20000bbc                __HeapLimit = __heap_end__

.stack          0x20000bc0        0x0
                0x20000bc0                _stack = .
                0x20000bc0                __stack = .
 *(.stack)
START GROUP
LOAD c:/ti/ccsv6/tools/compiler/gcc-arm-none-eabi-4_8-2014q3/bin/../lib/gcc/arm-none-eabi/4.8.4/../../../../arm-none-eabi/lib/thumb\libc.a
LOAD c:/ti/ccsv6/tools/compiler/gcc-arm-none-eabi-4_8-2014q3/bin/../lib/gcc/arm-none-eabi/4.8.4/thumb\libgcc.a
LOAD c:/ti/ccsv6/tools/compiler/gcc-arm-none-eabi-4_8-2014q3/bin/../lib/gcc/arm-none-eabi/4.8.4/../../../../arm-none-eabi/lib/thumb\libnosys.a
END GROUP
START GROUP
LOAD c:/ti/ccsv6/tools/compiler/gcc-arm-none-eabi-4_8-2014q3/bin/../lib/gcc/arm-none-eabi/4.8.4/thumb\libgcc.a
LOAD c:/ti/ccsv6/tools/compiler/gcc-arm-none-eabi-4_8-2014q3/bin/../lib/gcc/arm-none-eabi/4.8.4/../../../../arm-none-eabi/lib/thumb\libg.a
LOAD c:/ti/ccsv6/tools/compiler/gcc-arm-none-eabi-4_8-2014q3/bin/../lib/gcc/arm-none-eabi/4.8.4/../../../../arm-none-eabi/lib/thumb\libc.a
END GROUP
LOAD c:/ti/ccsv6/tools/compiler/gcc-arm-none-eabi-4_8-2014q3/bin/../lib/gcc/arm-none-eabi/4.8.4/thumb/crtend.o
LOAD c:/ti/ccsv6/tools/compiler/gcc-arm-none-eabi-4_8-2014q3/bin/../lib/gcc/arm-none-eabi/4.8.4/thumb/crtn.o
OUTPUT(mcp-sch.out elf32-littlearm)

.ARM.attributes
                0x00000000       0x31
 .ARM.attributes
                0x00000000       0x16 c:/ti/ccsv6/tools/compiler/gcc-arm-none-eabi-4_8-2014q3/bin/../lib/gcc/arm-none-eabi/4.8.4/thumb/crti.o
 .ARM.attributes
                0x00000016       0x30 c:/ti/ccsv6/tools/compiler/gcc-arm-none-eabi-4_8-2014q3/bin/../lib/gcc/arm-none-eabi/4.8.4/thumb/crtbegin.o
 .ARM.attributes
                0x00000046       0x1a c:/ti/ccsv6/tools/compiler/gcc-arm-none-eabi-4_8-2014q3/bin/../lib/gcc/arm-none-eabi/4.8.4/../../../../arm-none-eabi/lib/thumb/crt0.o
 .ARM.attributes
                0x00000060       0x33 ./gpio.o
 .ARM.attributes
                0x00000093       0x33 ./interrupts.o
 .ARM.attributes
                0x000000c6       0x33 ./lm3s6965_startup_ccs_gcc.o
 .ARM.attributes
                0x000000f9       0x33 ./main.o
 .ARM.attributes
                0x0000012c       0x33 ./system.o
 .ARM.attributes
                0x0000015f       0x33 ./task.o
 .ARM.attributes
                0x00000192       0x30 c:/ti/ccsv6/tools/compiler/gcc-arm-none-eabi-4_8-2014q3/bin/../lib/gcc/arm-none-eabi/4.8.4/../../../../arm-none-eabi/lib/thumb\libc.a(lib_a-exit.o)
 .ARM.attributes
                0x000001c2       0x30 c:/ti/ccsv6/tools/compiler/gcc-arm-none-eabi-4_8-2014q3/bin/../lib/gcc/arm-none-eabi/4.8.4/../../../../arm-none-eabi/lib/thumb\libc.a(lib_a-impure.o)
 .ARM.attributes
                0x000001f2       0x30 c:/ti/ccsv6/tools/compiler/gcc-arm-none-eabi-4_8-2014q3/bin/../lib/gcc/arm-none-eabi/4.8.4/../../../../arm-none-eabi/lib/thumb\libc.a(lib_a-init.o)
 .ARM.attributes
                0x00000222       0x30 c:/ti/ccsv6/tools/compiler/gcc-arm-none-eabi-4_8-2014q3/bin/../lib/gcc/arm-none-eabi/4.8.4/../../../../arm-none-eabi/lib/thumb\libc.a(lib_a-malloc.o)
 .ARM.attributes
                0x00000252       0x30 c:/ti/ccsv6/tools/compiler/gcc-arm-none-eabi-4_8-2014q3/bin/../lib/gcc/arm-none-eabi/4.8.4/../../../../arm-none-eabi/lib/thumb\libc.a(lib_a-mallocr.o)
 .ARM.attributes
                0x00000282       0x30 c:/ti/ccsv6/tools/compiler/gcc-arm-none-eabi-4_8-2014q3/bin/../lib/gcc/arm-none-eabi/4.8.4/../../../../arm-none-eabi/lib/thumb\libc.a(lib_a-memset.o)
 .ARM.attributes
                0x000002b2       0x30 c:/ti/ccsv6/tools/compiler/gcc-arm-none-eabi-4_8-2014q3/bin/../lib/gcc/arm-none-eabi/4.8.4/../../../../arm-none-eabi/lib/thumb\libc.a(lib_a-mlock.o)
 .ARM.attributes
                0x000002e2       0x30 c:/ti/ccsv6/tools/compiler/gcc-arm-none-eabi-4_8-2014q3/bin/../lib/gcc/arm-none-eabi/4.8.4/../../../../arm-none-eabi/lib/thumb\libc.a(lib_a-sbrkr.o)
 .ARM.attributes
                0x00000312       0x30 c:/ti/ccsv6/tools/compiler/gcc-arm-none-eabi-4_8-2014q3/bin/../lib/gcc/arm-none-eabi/4.8.4/../../../../arm-none-eabi/lib/thumb\libc.a(lib_a-__call_atexit.o)
 .ARM.attributes
                0x00000342       0x30 c:/ti/ccsv6/tools/compiler/gcc-arm-none-eabi-4_8-2014q3/bin/../lib/gcc/arm-none-eabi/4.8.4/../../../../arm-none-eabi/lib/thumb\libc.a(lib_a-atexit.o)
 .ARM.attributes
                0x00000372       0x30 c:/ti/ccsv6/tools/compiler/gcc-arm-none-eabi-4_8-2014q3/bin/../lib/gcc/arm-none-eabi/4.8.4/../../../../arm-none-eabi/lib/thumb\libc.a(lib_a-fini.o)
 .ARM.attributes
                0x000003a2       0x30 c:/ti/ccsv6/tools/compiler/gcc-arm-none-eabi-4_8-2014q3/bin/../lib/gcc/arm-none-eabi/4.8.4/../../../../arm-none-eabi/lib/thumb\libc.a(lib_a-freer.o)
 .ARM.attributes
                0x000003d2       0x30 c:/ti/ccsv6/tools/compiler/gcc-arm-none-eabi-4_8-2014q3/bin/../lib/gcc/arm-none-eabi/4.8.4/../../../../arm-none-eabi/lib/thumb\libc.a(lib_a-reent.o)
 .ARM.attributes
                0x00000402       0x30 c:/ti/ccsv6/tools/compiler/gcc-arm-none-eabi-4_8-2014q3/bin/../lib/gcc/arm-none-eabi/4.8.4/../../../../arm-none-eabi/lib/thumb\libc.a(lib_a-__atexit.o)
 .ARM.attributes
                0x00000432       0x30 c:/ti/ccsv6/tools/compiler/gcc-arm-none-eabi-4_8-2014q3/bin/../lib/gcc/arm-none-eabi/4.8.4/../../../../arm-none-eabi/lib/thumb\libnosys.a(sbrk.o)
 .ARM.attributes
                0x00000462       0x30 c:/ti/ccsv6/tools/compiler/gcc-arm-none-eabi-4_8-2014q3/bin/../lib/gcc/arm-none-eabi/4.8.4/../../../../arm-none-eabi/lib/thumb\libnosys.a(_exit.o)
 .ARM.attributes
                0x00000492       0x30 c:/ti/ccsv6/tools/compiler/gcc-arm-none-eabi-4_8-2014q3/bin/../lib/gcc/arm-none-eabi/4.8.4/thumb/crtend.o
 .ARM.attributes
                0x000004c2       0x16 c:/ti/ccsv6/tools/compiler/gcc-arm-none-eabi-4_8-2014q3/bin/../lib/gcc/arm-none-eabi/4.8.4/thumb/crtn.o

.comment        0x00000000       0x70
 .comment       0x00000000       0x70 ./gpio.o
                                 0x71 (size before relaxing)
 .comment       0x00000000       0x71 ./interrupts.o
 .comment       0x00000000       0x71 ./lm3s6965_startup_ccs_gcc.o
 .comment       0x00000000       0x71 ./main.o
 .comment       0x00000000       0x71 ./system.o
 .comment       0x00000000       0x71 ./task.o

.debug_info     0x00000000     0x10b0
 .debug_info    0x00000000      0x6f4 ./gpio.o
 .debug_info    0x000006f4      0x1d8 ./interrupts.o
 .debug_info    0x000008cc      0x170 ./lm3s6965_startup_ccs_gcc.o
 .debug_info    0x00000a3c      0x221 ./main.o
 .debug_info    0x00000c5d      0x10d ./system.o
 .debug_info    0x00000d6a      0x346 ./task.o

.debug_abbrev   0x00000000      0x551
 .debug_abbrev  0x00000000      0x114 ./gpio.o
 .debug_abbrev  0x00000114       0xa7 ./interrupts.o
 .debug_abbrev  0x000001bb       0xbb ./lm3s6965_startup_ccs_gcc.o
 .debug_abbrev  0x00000276       0xff ./main.o
 .debug_abbrev  0x00000375       0x99 ./system.o
 .debug_abbrev  0x0000040e      0x143 ./task.o

.debug_aranges  0x00000000      0x210
 .debug_aranges
                0x00000000       0xb0 ./gpio.o
 .debug_aranges
                0x000000b0       0x50 ./interrupts.o
 .debug_aranges
                0x00000100       0x38 ./lm3s6965_startup_ccs_gcc.o
 .debug_aranges
                0x00000138       0x38 ./main.o
 .debug_aranges
                0x00000170       0x28 ./system.o
 .debug_aranges
                0x00000198       0x78 ./task.o

.debug_ranges   0x00000000      0x1b0
 .debug_ranges  0x00000000       0xa0 ./gpio.o
 .debug_ranges  0x000000a0       0x40 ./interrupts.o
 .debug_ranges  0x000000e0       0x28 ./lm3s6965_startup_ccs_gcc.o
 .debug_ranges  0x00000108       0x28 ./main.o
 .debug_ranges  0x00000130       0x18 ./system.o
 .debug_ranges  0x00000148       0x68 ./task.o

.debug_line     0x00000000      0x625
 .debug_line    0x00000000      0x1be ./gpio.o
 .debug_line    0x000001be       0xbd ./interrupts.o
 .debug_line    0x0000027b      0x14e ./lm3s6965_startup_ccs_gcc.o
 .debug_line    0x000003c9       0xbc ./main.o
 .debug_line    0x00000485       0x6f ./system.o
 .debug_line    0x000004f4      0x131 ./task.o

.debug_str      0x00000000      0x6c8
 .debug_str     0x00000000      0x444 ./gpio.o
                                0x47c (size before relaxing)
 .debug_str     0x00000444       0x7e ./interrupts.o
                                0x1b8 (size before relaxing)
 .debug_str     0x000004c2       0xba ./lm3s6965_startup_ccs_gcc.o
                                0x216 (size before relaxing)
 .debug_str     0x0000057c       0x66 ./main.o
                                0x23b (size before relaxing)
 .debug_str     0x000005e2       0x1f ./system.o
                                0x199 (size before relaxing)
 .debug_str     0x00000601       0xc7 ./task.o
                                0x2b0 (size before relaxing)

.debug_frame    0x00000000      0x738
 .debug_frame   0x00000000      0x194 ./gpio.o
 .debug_frame   0x00000194       0x9c ./interrupts.o
 .debug_frame   0x00000230       0x58 ./lm3s6965_startup_ccs_gcc.o
 .debug_frame   0x00000288       0x70 ./main.o
 .debug_frame   0x000002f8       0x34 ./system.o
 .debug_frame   0x0000032c       0xf4 ./task.o
 .debug_frame   0x00000420       0x28 c:/ti/ccsv6/tools/compiler/gcc-arm-none-eabi-4_8-2014q3/bin/../lib/gcc/arm-none-eabi/4.8.4/../../../../arm-none-eabi/lib/thumb\libc.a(lib_a-exit.o)
 .debug_frame   0x00000448       0x2c c:/ti/ccsv6/tools/compiler/gcc-arm-none-eabi-4_8-2014q3/bin/../lib/gcc/arm-none-eabi/4.8.4/../../../../arm-none-eabi/lib/thumb\libc.a(lib_a-init.o)
 .debug_frame   0x00000474       0x40 c:/ti/ccsv6/tools/compiler/gcc-arm-none-eabi-4_8-2014q3/bin/../lib/gcc/arm-none-eabi/4.8.4/../../../../arm-none-eabi/lib/thumb\libc.a(lib_a-malloc.o)
 .debug_frame   0x000004b4       0x3c c:/ti/ccsv6/tools/compiler/gcc-arm-none-eabi-4_8-2014q3/bin/../lib/gcc/arm-none-eabi/4.8.4/../../../../arm-none-eabi/lib/thumb\libc.a(lib_a-mallocr.o)
 .debug_frame   0x000004f0       0x30 c:/ti/ccsv6/tools/compiler/gcc-arm-none-eabi-4_8-2014q3/bin/../lib/gcc/arm-none-eabi/4.8.4/../../../../arm-none-eabi/lib/thumb\libc.a(lib_a-memset.o)
 .debug_frame   0x00000520       0x30 c:/ti/ccsv6/tools/compiler/gcc-arm-none-eabi-4_8-2014q3/bin/../lib/gcc/arm-none-eabi/4.8.4/../../../../arm-none-eabi/lib/thumb\libc.a(lib_a-mlock.o)
 .debug_frame   0x00000550       0x2c c:/ti/ccsv6/tools/compiler/gcc-arm-none-eabi-4_8-2014q3/bin/../lib/gcc/arm-none-eabi/4.8.4/../../../../arm-none-eabi/lib/thumb\libc.a(lib_a-sbrkr.o)
 .debug_frame   0x0000057c       0x54 c:/ti/ccsv6/tools/compiler/gcc-arm-none-eabi-4_8-2014q3/bin/../lib/gcc/arm-none-eabi/4.8.4/../../../../arm-none-eabi/lib/thumb\libc.a(lib_a-__call_atexit.o)
 .debug_frame   0x000005d0       0x28 c:/ti/ccsv6/tools/compiler/gcc-arm-none-eabi-4_8-2014q3/bin/../lib/gcc/arm-none-eabi/4.8.4/../../../../arm-none-eabi/lib/thumb\libc.a(lib_a-atexit.o)
 .debug_frame   0x000005f8       0x2c c:/ti/ccsv6/tools/compiler/gcc-arm-none-eabi-4_8-2014q3/bin/../lib/gcc/arm-none-eabi/4.8.4/../../../../arm-none-eabi/lib/thumb\libc.a(lib_a-fini.o)
 .debug_frame   0x00000624       0x54 c:/ti/ccsv6/tools/compiler/gcc-arm-none-eabi-4_8-2014q3/bin/../lib/gcc/arm-none-eabi/4.8.4/../../../../arm-none-eabi/lib/thumb\libc.a(lib_a-freer.o)
 .debug_frame   0x00000678       0x48 c:/ti/ccsv6/tools/compiler/gcc-arm-none-eabi-4_8-2014q3/bin/../lib/gcc/arm-none-eabi/4.8.4/../../../../arm-none-eabi/lib/thumb\libc.a(lib_a-reent.o)
 .debug_frame   0x000006c0       0x38 c:/ti/ccsv6/tools/compiler/gcc-arm-none-eabi-4_8-2014q3/bin/../lib/gcc/arm-none-eabi/4.8.4/../../../../arm-none-eabi/lib/thumb\libc.a(lib_a-__atexit.o)
 .debug_frame   0x000006f8       0x20 c:/ti/ccsv6/tools/compiler/gcc-arm-none-eabi-4_8-2014q3/bin/../lib/gcc/arm-none-eabi/4.8.4/../../../../arm-none-eabi/lib/thumb\libnosys.a(sbrk.o)
 .debug_frame   0x00000718       0x20 c:/ti/ccsv6/tools/compiler/gcc-arm-none-eabi-4_8-2014q3/bin/../lib/gcc/arm-none-eabi/4.8.4/../../../../arm-none-eabi/lib/thumb\libnosys.a(_exit.o)
